[tone] KieeKey v1.2.0 Stable — tone-population latency benchmark
[tone] mixed pace(s)=150,250 reps=1 (--fast for one pace/one rep, --full for the exhaustive matrix)
[tone] composition validation: 8 populations OK
[pop] tone-append     path=inline          barrier=spin   commit=0ns n=150
      desc: as -> a-acute (1 tone key = 1 edit)
      EDIT  n=50    E2E(t5) p50=  0.195 p99=   1.839 p99.9=    1.839 max=    7.674 us
            t1(decision) p50= 0.078  t2(push/emit) p50=  0.195  t3(deq) p50=  0.000  t4(flush) p50=  0.000  t5(commit) p50=  0.000 us
      PASS  n=100   delivery(t2) p50=  0.103 p99=   0.903 max=    1.384 us | barrier p50=  0.000 max=    0.000 us
      edits: 50 sendInputCalls: 50
[pop] tone-append     path=inline          barrier=hybrid commit=0ns n=150
      desc: as -> a-acute (1 tone key = 1 edit)
      EDIT  n=50    E2E(t5) p50=  0.333 p99=   1.131 p99.9=    1.131 max=    1.348 us
            t1(decision) p50= 0.143  t2(push/emit) p50=  0.333  t3(deq) p50=  0.000  t4(flush) p50=  0.000  t5(commit) p50=  0.000 us
      PASS  n=100   delivery(t2) p50=  0.157 p99=   0.597 max=    0.768 us | barrier p50=  0.000 max=    0.000 us
      edits: 50 sendInputCalls: 50
[pop] dbar            path=inline          barrier=spin   commit=0ns n=150
      desc: dd -> d-stroke (d-bar edit)
      EDIT  n=50    E2E(t5) p50=  0.286 p99=   1.002 p99.9=    1.002 max=    1.159 us
            t1(decision) p50= 0.119  t2(push/emit) p50=  0.286  t3(deq) p50=  0.000  t4(flush) p50=  0.000  t5(commit) p50=  0.000 us
      PASS  n=100   delivery(t2) p50=  0.152 p99=   0.593 max=    1.103 us | barrier p50=  0.000 max=    0.000 us
      edits: 50 sendInputCalls: 50
[pop] dbar            path=inline          barrier=hybrid commit=0ns n=150
      desc: dd -> d-stroke (d-bar edit)
      EDIT  n=50    E2E(t5) p50=  0.184 p99=   0.346 p99.9=    0.346 max=    0.981 us
            t1(decision) p50= 0.065  t2(push/emit) p50=  0.184  t3(deq) p50=  0.000  t4(flush) p50=  0.000  t5(commit) p50=  0.000 us
      PASS  n=100   delivery(t2) p50=  0.096 p99=   0.524 max=    0.741 us | barrier p50=  0.000 max=    0.000 us
      edits: 50 sendInputCalls: 50
[pop] reposition      path=inline          barrier=spin   commit=0ns n=200
      desc: asa -> a-circumflex-acute (sac reposition)
      EDIT  n=100   E2E(t5) p50=  0.199 p99=   3.564 p99.9=    3.564 max=    6.456 us
            t1(decision) p50= 0.080  t2(push/emit) p50=  0.199  t3(deq) p50=  0.000  t4(flush) p50=  0.000  t5(commit) p50=  0.000 us
      PASS  n=100   delivery(t2) p50=  0.100 p99=   0.623 max=    0.810 us | barrier p50=  0.000 max=    0.000 us
      edits: 100 sendInputCalls: 100
[pop] reposition      path=inline          barrier=hybrid commit=0ns n=200
      desc: asa -> a-circumflex-acute (sac reposition)
      EDIT  n=100   E2E(t5) p50=  0.304 p99=   1.162 p99.9=    1.162 max=    3.810 us
            t1(decision) p50= 0.139  t2(push/emit) p50=  0.304  t3(deq) p50=  0.000  t4(flush) p50=  0.000  t5(commit) p50=  0.000 us
      PASS  n=100   delivery(t2) p50=  0.142 p99=   0.603 max=    0.849 us | barrier p50=  0.000 max=    0.000 us
      edits: 100 sendInputCalls: 100
[pop] restore-reissue path=inline          barrier=spin   commit=0ns n=250
      desc: asas -> Restore chain: 2 edits + Restore-reissue + space-Restore-reissue
      EDIT  n=200   E2E(t5) p50=  0.356 p99=   2.708 p99.9=    3.824 max=    8.702 us
            t1(decision) p50= 0.173  t2(push/emit) p50=  0.356  t3(deq) p50=  0.000  t4(flush) p50=  0.000  t5(commit) p50=  0.000 us
      PASS  n=50    delivery(t2) p50=  0.168 p99=   0.277 max=    1.076 us | barrier p50=  0.000 max=    0.000 us
      edits: 200 sendInputCalls: 200
[pop] restore-reissue path=inline          barrier=hybrid commit=0ns n=250
      desc: asas -> Restore chain: 2 edits + Restore-reissue + space-Restore-reissue
      EDIT  n=200   E2E(t5) p50=  0.362 p99=   2.292 p99.9=    2.987 max=    4.064 us
            t1(decision) p50= 0.176  t2(push/emit) p50=  0.362  t3(deq) p50=  0.000  t4(flush) p50=  0.000  t5(commit) p50=  0.000 us
      PASS  n=50    delivery(t2) p50=  0.163 p99=   0.209 max=    0.809 us | barrier p50=  0.000 max=    0.000 us
      edits: 200 sendInputCalls: 200
[pop] double-tone     path=inline          barrier=spin   commit=0ns n=300
      desc: oasas -> double-tone family + Restore chain
      EDIT  n=200   E2E(t5) p50=  0.311 p99=   2.098 p99.9=    2.306 max=    3.266 us
            t1(decision) p50= 0.159  t2(push/emit) p50=  0.311  t3(deq) p50=  0.000  t4(flush) p50=  0.000  t5(commit) p50=  0.000 us
      PASS  n=100   delivery(t2) p50=  0.090 p99=   0.273 max=    0.899 us | barrier p50=  0.000 max=    0.000 us
      edits: 200 sendInputCalls: 200
[pop] double-tone     path=inline          barrier=hybrid commit=0ns n=300
      desc: oasas -> double-tone family + Restore chain
      EDIT  n=200   E2E(t5) p50=  0.475 p99=   6.902 p99.9=   10.451 max=   27.242 us
            t1(decision) p50= 0.215  t2(push/emit) p50=  0.475  t3(deq) p50=  0.000  t4(flush) p50=  0.000  t5(commit) p50=  0.000 us
      PASS  n=100   delivery(t2) p50=  0.097 p99=   0.327 max=    0.559 us | barrier p50=  0.000 max=    0.000 us
      edits: 200 sendInputCalls: 200
[pop] mid-word        path=inline          barrier=spin   commit=0ns n=400
      desc: ddawjng -> dang-nang (d-bar + breve + nang; trailing ng re-typed)
      EDIT  n=150   E2E(t5) p50=  0.357 p99=   2.350 p99.9=    2.361 max=    3.327 us
            t1(decision) p50= 0.142  t2(push/emit) p50=  0.357  t3(deq) p50=  0.000  t4(flush) p50=  0.000  t5(commit) p50=  0.000 us
      PASS  n=250   delivery(t2) p50=  0.215 p99=   0.791 max=    1.327 us | barrier p50=  0.000 max=    0.000 us
      edits: 150 sendInputCalls: 150
[pop] mid-word        path=inline          barrier=hybrid commit=0ns n=400
      desc: ddawjng -> dang-nang (d-bar + breve + nang; trailing ng re-typed)
      EDIT  n=150   E2E(t5) p50=  0.225 p99=   0.538 p99.9=    0.882 max=    4.376 us
            t1(decision) p50= 0.101  t2(push/emit) p50=  0.225  t3(deq) p50=  0.000  t4(flush) p50=  0.000  t5(commit) p50=  0.000 us
      PASS  n=250   delivery(t2) p50=  0.151 p99=   0.347 max=    0.924 us | barrier p50=  0.000 max=    0.000 us
      edits: 150 sendInputCalls: 150
[pop] horn-compound   path=inline          barrier=spin   commit=0ns n=250
      desc: uows -> uo-horn + acute (horn compound + mark)
      EDIT  n=100   E2E(t5) p50=  0.303 p99=   0.784 p99.9=    0.784 max=    1.209 us
            t1(decision) p50= 0.140  t2(push/emit) p50=  0.303  t3(deq) p50=  0.000  t4(flush) p50=  0.000  t5(commit) p50=  0.000 us
      PASS  n=150   delivery(t2) p50=  0.085 p99=   0.370 max=    0.986 us | barrier p50=  0.000 max=    0.000 us
      edits: 100 sendInputCalls: 100
[pop] horn-compound   path=inline          barrier=hybrid commit=0ns n=250
      desc: uows -> uo-horn + acute (horn compound + mark)
      EDIT  n=100   E2E(t5) p50=  0.456 p99=   3.368 p99.9=    3.368 max=   24.513 us
            t1(decision) p50= 0.229  t2(push/emit) p50=  0.456  t3(deq) p50=  0.000  t4(flush) p50=  0.000  t5(commit) p50=  0.000 us
      PASS  n=150   delivery(t2) p50=  0.159 p99=   0.547 max=    0.745 us | barrier p50=  0.000 max=    0.000 us
      edits: 100 sendInputCalls: 100
[pop] heavy-word      path=inline          barrier=spin   commit=0ns n=400
      desc: dduowcj -> duoc (d-bar + horn + nang: the heaviest)
      EDIT  n=150   E2E(t5) p50=  0.322 p99=   2.014 p99.9=    2.193 max=    6.094 us
            t1(decision) p50= 0.122  t2(push/emit) p50=  0.322  t3(deq) p50=  0.000  t4(flush) p50=  0.000  t5(commit) p50=  0.000 us
      PASS  n=250   delivery(t2) p50=  0.105 p99=   0.553 max=    1.538 us | barrier p50=  0.000 max=    0.000 us
      edits: 150 sendInputCalls: 150
[pop] heavy-word      path=inline          barrier=hybrid commit=0ns n=400
      desc: dduowcj -> duoc (d-bar + horn + nang: the heaviest)
      EDIT  n=150   E2E(t5) p50=  0.276 p99=   1.927 p99.9=    2.290 max=    2.725 us
            t1(decision) p50= 0.117  t2(push/emit) p50=  0.276  t3(deq) p50=  0.000  t4(flush) p50=  0.000  t5(commit) p50=  0.000 us
      PASS  n=250   delivery(t2) p50=  0.100 p99=   0.345 max=    0.933 us | barrier p50=  0.000 max=    0.000 us
      edits: 150 sendInputCalls: 150
[pop] mixed           path=inline          barrier=spin   commit=0ns n=173
      desc: mixed@150wpm
      EDIT  n=25    E2E(t5) p50=  9.377 p99=  54.976 p99.9=   54.976 max=   63.396 us
            t1(decision) p50= 4.785  t2(push/emit) p50=  9.377  t3(deq) p50=  0.000  t4(flush) p50=  0.000  t5(commit) p50=  0.000 us
      PASS  n=148   delivery(t2) p50=  3.507 p99=  59.719 max=   63.527 us | barrier p50=  0.000 max=    0.000 us
      edits: 25 sendInputCalls: 25
[pop] mixed           path=inline          barrier=hybrid commit=0ns n=173
      desc: mixed@150wpm
      EDIT  n=25    E2E(t5) p50=  8.687 p99=  15.990 p99.9=   15.990 max=   49.694 us
            t1(decision) p50= 4.360  t2(push/emit) p50=  8.687  t3(deq) p50=  0.000  t4(flush) p50=  0.000  t5(commit) p50=  0.000 us
      PASS  n=148   delivery(t2) p50=  3.553 p99=   8.534 max=    9.276 us | barrier p50=  0.000 max=    0.000 us
      edits: 25 sendInputCalls: 25
[pop] mixed           path=inline          barrier=spin   commit=0ns n=173
      desc: mixed@250wpm
      EDIT  n=25    E2E(t5) p50= 10.900 p99=  35.192 p99.9=   35.192 max=   35.873 us
            t1(decision) p50= 6.046  t2(push/emit) p50= 10.900  t3(deq) p50=  0.000  t4(flush) p50=  0.000  t5(commit) p50=  0.000 us
      PASS  n=148   delivery(t2) p50=  4.180 p99=  26.746 max=   29.286 us | barrier p50=  0.000 max=    0.000 us
      edits: 25 sendInputCalls: 25
[pop] mixed           path=inline          barrier=hybrid commit=0ns n=173
      desc: mixed@250wpm
      EDIT  n=25    E2E(t5) p50=  9.568 p99=  12.680 p99.9=   12.680 max=   13.849 us
            t1(decision) p50= 5.287  t2(push/emit) p50=  9.568  t3(deq) p50=  0.000  t4(flush) p50=  0.000  t5(commit) p50=  0.000 us
      PASS  n=148   delivery(t2) p50=  4.115 p99=   9.613 max=    9.870 us | barrier p50=  0.000 max=    0.000 us
      edits: 25 sendInputCalls: 25
