[child] kieekey long-word-5k out_len=4999 digest=10084598865821911048
[child] kieekey hat-thrash-9k out_len=9600 digest=4976367381810859558
[child] kieekey backspace-flood out_len=0 digest=1469598103934665603
[child] kieekey tone-storm out_len=11200 digest=2631693743831221763
[child] kieekey mixed-with-shift out_len=3600 digest=17920119244071477411
[child] kieekey all-symbols out_len=2000 digest=4642311855146661763
[child] kieekey break-hammer out_len=7000 digest=9660908142286234987
[child] kieekey digit-hammer-vni-keys out_len=10000 digest=1149254984642045763
[child] kieekey fuzz-200k out_len=190000 digest=368941739534973875
[child] kieekey fuzz-1m out_len=949465 digest=11627875032281729512
[child] openkey-2.0.5 long-word-5k out_len=4999 digest=10084598865821911048
[child] openkey-2.0.5 hat-thrash-9k out_len=9600 digest=4976367381810859558
[child] openkey-2.0.5 backspace-flood out_len=0 digest=1469598103934665603
[child] openkey-2.0.5 tone-storm out_len=11200 digest=2631693743831221763
[child] openkey-2.0.5 mixed-with-shift out_len=3999 digest=1602990380303181035
[child] openkey-2.0.5 all-symbols out_len=2000 digest=4642311855146661763
[child] openkey-2.0.5 break-hammer out_len=7000 digest=9660908142286234987
[child] openkey-2.0.5 digit-hammer-vni-keys out_len=10000 digest=1149254984642045763
[child] openkey-2.0.5 fuzz-200k out_len=191478 digest=886806531457179020
[child] openkey-2.0.5 fuzz-1m out_len=956859 digest=11091703117866922054
[child] openkey-master long-word-5k out_len=4999 digest=10084598865821911048
[child] openkey-master hat-thrash-9k out_len=9600 digest=4976367381810859558
[child] openkey-master backspace-flood out_len=0 digest=1469598103934665603
[child] openkey-master tone-storm out_len=11200 digest=2631693743831221763
[child] openkey-master mixed-with-shift out_len=3999 digest=1602990380303181035
[child] openkey-master all-symbols out_len=2000 digest=4642311855146661763
[child] openkey-master break-hammer out_len=7000 digest=9660908142286234987
[child] openkey-master digit-hammer-vni-keys out_len=10000 digest=1149254984642045763
[child] openkey-master fuzz-200k out_len=191478 digest=886806531457179020
[child] openkey-master fuzz-1m out_len=956858 digest=15352015294007136459
[child] unikey-4.x long-word-5k out_len=4958 digest=5208745889342035057
[child] unikey-4.x hat-thrash-9k out_len=9600 digest=6781215395622506787
[child] unikey-4.x backspace-flood out_len=0 digest=1469598103934665603
[child] unikey-4.x tone-storm out_len=11110 digest=4728748116399257535
[child] unikey-4.x mixed-with-shift out_len=5764 digest=4111503836101457939
[child] unikey-4.x all-symbols out_len=2000 digest=4642311855146661763
[child] unikey-4.x break-hammer out_len=7000 digest=9660908142286234987
[child] unikey-4.x digit-hammer-vni-keys out_len=10004 digest=12959598112545164263
[child] unikey-4.x fuzz-200k out_len=190215 digest=10324900053159208367
[child] unikey-4.x fuzz-1m out_len=950499 digest=17950222669410876412
