[tone] KieeKey v1.2.0 Stable — tone-population latency benchmark
[tone] mixed pace(s)=150,250 reps=1 (--fast for one pace/one rep, --full for the exhaustive matrix)
[tone] composition validation: 8 populations OK
[pop] tone-append     path=inline          barrier=spin   commit=0ns n=1500
      desc: as -> a-acute (1 tone key = 1 edit)
      EDIT  n=500   E2E(t5) p50=  0.209 p99=   2.334 p99.9=    3.980 max=   10.245 us
            t1(decision) p50= 0.088  t2(push/emit) p50=  0.209  t3(deq) p50=  0.000  t4(flush) p50=  0.000  t5(commit) p50=  0.000 us
      PASS  n=1000  delivery(t2) p50=  0.110 p99=   0.303 max=    1.437 us | barrier p50=  0.000 max=    0.000 us
      edits: 500 sendInputCalls: 500
[pop] tone-append     path=inline          barrier=hybrid commit=0ns n=1500
      desc: as -> a-acute (1 tone key = 1 edit)
      EDIT  n=500   E2E(t5) p50=  0.208 p99=   1.723 p99.9=    2.980 max=   21.207 us
            t1(decision) p50= 0.084  t2(push/emit) p50=  0.208  t3(deq) p50=  0.000  t4(flush) p50=  0.000  t5(commit) p50=  0.000 us
      PASS  n=1000  delivery(t2) p50=  0.102 p99=   0.154 max=    0.880 us | barrier p50=  0.000 max=    0.000 us
      edits: 500 sendInputCalls: 500
[pop] dbar            path=inline          barrier=spin   commit=0ns n=1500
      desc: dd -> d-stroke (d-bar edit)
      EDIT  n=500   E2E(t5) p50=  0.281 p99=   1.373 p99.9=    1.767 max=    7.363 us
            t1(decision) p50= 0.157  t2(push/emit) p50=  0.281  t3(deq) p50=  0.000  t4(flush) p50=  0.000  t5(commit) p50=  0.000 us
      PASS  n=1000  delivery(t2) p50=  0.171 p99=   0.193 max=    1.141 us | barrier p50=  0.000 max=    0.000 us
      edits: 500 sendInputCalls: 500
[pop] dbar            path=inline          barrier=hybrid commit=0ns n=1500
      desc: dd -> d-stroke (d-bar edit)
      EDIT  n=500   E2E(t5) p50=  0.284 p99=   1.586 p99.9=    1.816 max=    3.052 us
            t1(decision) p50= 0.158  t2(push/emit) p50=  0.284  t3(deq) p50=  0.000  t4(flush) p50=  0.000  t5(commit) p50=  0.000 us
      PASS  n=1000  delivery(t2) p50=  0.172 p99=   0.193 max=    0.914 us | barrier p50=  0.000 max=    0.000 us
      edits: 500 sendInputCalls: 500
[pop] reposition      path=inline          barrier=spin   commit=0ns n=2000
      desc: asa -> a-circumflex-acute (sac reposition)
      EDIT  n=1000  E2E(t5) p50=  0.208 p99=   1.635 p99.9=    3.992 max=   17.262 us
            t1(decision) p50= 0.087  t2(push/emit) p50=  0.208  t3(deq) p50=  0.000  t4(flush) p50=  0.000  t5(commit) p50=  0.000 us
      PASS  n=1000  delivery(t2) p50=  0.108 p99=   0.180 max=   19.754 us | barrier p50=  0.000 max=    0.000 us
      edits: 1000 sendInputCalls: 1000
[pop] reposition      path=inline          barrier=hybrid commit=0ns n=2000
      desc: asa -> a-circumflex-acute (sac reposition)
      EDIT  n=1000  E2E(t5) p50=  0.211 p99=   1.522 p99.9=    2.794 max=    4.238 us
            t1(decision) p50= 0.087  t2(push/emit) p50=  0.211  t3(deq) p50=  0.000  t4(flush) p50=  0.000  t5(commit) p50=  0.000 us
      PASS  n=1000  delivery(t2) p50=  0.108 p99=   0.139 max=    0.871 us | barrier p50=  0.000 max=    0.000 us
      edits: 1000 sendInputCalls: 1000
[pop] restore-reissue path=inline          barrier=spin   commit=0ns n=2500
      desc: asas -> Restore chain: 2 edits + Restore-reissue + space-Restore-reissue
      EDIT  n=2000  E2E(t5) p50=  0.221 p99=   1.847 p99.9=   18.791 max=   48.654 us
            t1(decision) p50= 0.101  t2(push/emit) p50=  0.221  t3(deq) p50=  0.000  t4(flush) p50=  0.000  t5(commit) p50=  0.000 us
      PASS  n=500   delivery(t2) p50=  0.109 p99=   0.138 max=    0.824 us | barrier p50=  0.000 max=    0.000 us
      edits: 2000 sendInputCalls: 2000
[pop] restore-reissue path=inline          barrier=hybrid commit=0ns n=2500
      desc: asas -> Restore chain: 2 edits + Restore-reissue + space-Restore-reissue
      EDIT  n=2000  E2E(t5) p50=  0.220 p99=   1.915 p99.9=    4.012 max=   22.090 us
            t1(decision) p50= 0.101  t2(push/emit) p50=  0.220  t3(deq) p50=  0.000  t4(flush) p50=  0.000  t5(commit) p50=  0.000 us
      PASS  n=500   delivery(t2) p50=  0.109 p99=   0.166 max=    0.892 us | barrier p50=  0.000 max=    0.000 us
      edits: 2000 sendInputCalls: 2000
[pop] double-tone     path=inline          barrier=spin   commit=0ns n=3000
      desc: oasas -> double-tone family + Restore chain
      EDIT  n=2000  E2E(t5) p50=  0.330 p99=   1.953 p99.9=    3.403 max=   99.285 us
            t1(decision) p50= 0.175  t2(push/emit) p50=  0.330  t3(deq) p50=  0.000  t4(flush) p50=  0.000  t5(commit) p50=  0.000 us
      PASS  n=1000  delivery(t2) p50=  0.105 p99=   0.171 max=   22.126 us | barrier p50=  0.000 max=    0.000 us
      edits: 2000 sendInputCalls: 2000
[pop] double-tone     path=inline          barrier=hybrid commit=0ns n=3000
      desc: oasas -> double-tone family + Restore chain
      EDIT  n=2000  E2E(t5) p50=  0.330 p99=   2.186 p99.9=    4.426 max=   43.924 us
            t1(decision) p50= 0.175  t2(push/emit) p50=  0.330  t3(deq) p50=  0.000  t4(flush) p50=  0.000  t5(commit) p50=  0.000 us
      PASS  n=1000  delivery(t2) p50=  0.104 p99=   0.170 max=   18.287 us | barrier p50=  0.000 max=    0.000 us
      edits: 2000 sendInputCalls: 2000
[pop] mid-word        path=inline          barrier=spin   commit=0ns n=4000
      desc: ddawjng -> dang-nang (d-bar + breve + nang; trailing ng re-typed)
      EDIT  n=1500  E2E(t5) p50=  0.252 p99=   1.803 p99.9=    2.544 max=    4.844 us
            t1(decision) p50= 0.130  t2(push/emit) p50=  0.252  t3(deq) p50=  0.000  t4(flush) p50=  0.000  t5(commit) p50=  0.000 us
      PASS  n=2500  delivery(t2) p50=  0.179 p99=   0.243 max=   19.396 us | barrier p50=  0.000 max=    0.000 us
      edits: 1500 sendInputCalls: 1500
[pop] mid-word        path=inline          barrier=hybrid commit=0ns n=4000
      desc: ddawjng -> dang-nang (d-bar + breve + nang; trailing ng re-typed)
      EDIT  n=1500  E2E(t5) p50=  0.256 p99=   1.730 p99.9=    2.364 max=   19.961 us
            t1(decision) p50= 0.131  t2(push/emit) p50=  0.256  t3(deq) p50=  0.000  t4(flush) p50=  0.000  t5(commit) p50=  0.000 us
      PASS  n=2500  delivery(t2) p50=  0.179 p99=   0.237 max=    1.095 us | barrier p50=  0.000 max=    0.000 us
      edits: 1500 sendInputCalls: 1500
[pop] horn-compound   path=inline          barrier=spin   commit=0ns n=2500
      desc: uows -> uo-horn + acute (horn compound + mark)
      EDIT  n=1000  E2E(t5) p50=  0.365 p99=   1.804 p99.9=    2.899 max=    3.012 us
            t1(decision) p50= 0.204  t2(push/emit) p50=  0.365  t3(deq) p50=  0.000  t4(flush) p50=  0.000  t5(commit) p50=  0.000 us
      PASS  n=1500  delivery(t2) p50=  0.094 p99=   0.187 max=    0.872 us | barrier p50=  0.000 max=    0.000 us
      edits: 1000 sendInputCalls: 1000
[pop] horn-compound   path=inline          barrier=hybrid commit=0ns n=2500
      desc: uows -> uo-horn + acute (horn compound + mark)
      EDIT  n=1000  E2E(t5) p50=  0.364 p99=   1.640 p99.9=    3.564 max=  182.967 us
            t1(decision) p50= 0.203  t2(push/emit) p50=  0.364  t3(deq) p50=  0.000  t4(flush) p50=  0.000  t5(commit) p50=  0.000 us
      PASS  n=1500  delivery(t2) p50=  0.095 p99=   0.187 max=    0.813 us | barrier p50=  0.000 max=    0.000 us
      edits: 1000 sendInputCalls: 1000
[pop] heavy-word      path=inline          barrier=spin   commit=0ns n=4000
      desc: dduowcj -> duoc (d-bar + horn + nang: the heaviest)
      EDIT  n=1500  E2E(t5) p50=  0.457 p99=   2.969 p99.9=    7.146 max=   35.550 us
            t1(decision) p50= 0.265  t2(push/emit) p50=  0.457  t3(deq) p50=  0.000  t4(flush) p50=  0.000  t5(commit) p50=  0.000 us
      PASS  n=2500  delivery(t2) p50=  0.177 p99=   0.528 max=   92.931 us | barrier p50=  0.000 max=    0.000 us
      edits: 1500 sendInputCalls: 1500
[pop] heavy-word      path=inline          barrier=hybrid commit=0ns n=4000
      desc: dduowcj -> duoc (d-bar + horn + nang: the heaviest)
      EDIT  n=1500  E2E(t5) p50=  0.307 p99=   2.344 p99.9=    4.015 max=   22.670 us
            t1(decision) p50= 0.159  t2(push/emit) p50=  0.307  t3(deq) p50=  0.000  t4(flush) p50=  0.000  t5(commit) p50=  0.000 us
      PASS  n=2500  delivery(t2) p50=  0.120 p99=   0.271 max=    5.245 us | barrier p50=  0.000 max=    0.000 us
      edits: 1500 sendInputCalls: 1500
[pop] mixed           path=inline          barrier=spin   commit=0ns n=173
      desc: mixed@150wpm
      EDIT  n=25    E2E(t5) p50=  8.974 p99=  11.299 p99.9=   11.299 max=   14.420 us
            t1(decision) p50= 4.512  t2(push/emit) p50=  8.974  t3(deq) p50=  0.000  t4(flush) p50=  0.000  t5(commit) p50=  0.000 us
      PASS  n=148   delivery(t2) p50=  3.201 p99=   9.415 max=   14.937 us | barrier p50=  0.000 max=    0.000 us
      edits: 25 sendInputCalls: 25
[pop] mixed           path=inline          barrier=hybrid commit=0ns n=173
      desc: mixed@150wpm
      EDIT  n=25    E2E(t5) p50=  8.872 p99=  13.763 p99.9=   13.763 max=   14.123 us
            t1(decision) p50= 4.021  t2(push/emit) p50=  8.872  t3(deq) p50=  0.000  t4(flush) p50=  0.000  t5(commit) p50=  0.000 us
      PASS  n=148   delivery(t2) p50=  3.038 p99=   7.962 max=    8.877 us | barrier p50=  0.000 max=    0.000 us
      edits: 25 sendInputCalls: 25
[pop] mixed           path=inline          barrier=spin   commit=0ns n=173
      desc: mixed@250wpm
      EDIT  n=25    E2E(t5) p50=  9.490 p99=  12.998 p99.9=   12.998 max=   13.391 us
            t1(decision) p50= 4.687  t2(push/emit) p50=  9.490  t3(deq) p50=  0.000  t4(flush) p50=  0.000  t5(commit) p50=  0.000 us
      PASS  n=148   delivery(t2) p50=  3.330 p99=   7.541 max=   10.264 us | barrier p50=  0.000 max=    0.000 us
      edits: 25 sendInputCalls: 25
[pop] mixed           path=inline          barrier=hybrid commit=0ns n=173
      desc: mixed@250wpm
      EDIT  n=25    E2E(t5) p50=  8.451 p99=  10.458 p99.9=   10.458 max=   14.174 us
            t1(decision) p50= 4.165  t2(push/emit) p50=  8.451  t3(deq) p50=  0.000  t4(flush) p50=  0.000  t5(commit) p50=  0.000 us
      PASS  n=148   delivery(t2) p50=  3.158 p99=   6.790 max=   54.418 us | barrier p50=  0.000 max=    0.000 us
      edits: 25 sendInputCalls: 25
