[bench] compiling OpenKey 2.0.5 engine (differential model)...
[bench] compiling UniKey UKEngine (reference, unmodified)...
[bench] compiling harness + KieeKey engine...
/usr/bin/ld: .arena/three_bench/uk_convert.o: in function `VnFileConvert':
convert.cpp:(.text+0x3c9): warning: the use of `tempnam' is dangerous, better use `mkstemp'
[bench] running (2M-key latency pass per engine — ~1–2 min)...
>>> [KieeKey (v3.0)] passage-0
>>> [KieeKey (v3.0)] passage-1
>>> [KieeKey (v3.0)] passage-2
>>> [KieeKey (v3.0)] passage-3
>>> [KieeKey (v3.0)] passage-4
>>> [KieeKey (v3.0)] passage-5
>>> [KieeKey (v3.0)] passage-6
>>> [KieeKey (v3.0)] passage-7
>>> [KieeKey (v3.0)] passage-8
>>> [KieeKey (v3.0)] passage-9
>>> [KieeKey (v3.0)] passage-10
>>> [KieeKey (v3.0)] passage-11
>>> [KieeKey (v3.0)] passage-12
>>> [KieeKey (v3.0)] passage-13
>>> [KieeKey (v3.0)] passage-14
>>> [KieeKey (v3.0)] stress-0
>>> [KieeKey (v3.0)] stress-1
>>> [KieeKey (v3.0)] stress-2
>>> [KieeKey (v3.0)] stress-3
>>> [KieeKey (v3.0)] stress-4
>>> [KieeKey (v3.0)] stress-5
>>> [KieeKey (v3.0)] stress-6
>>> [KieeKey (v3.0)] stress-7
>>> [KieeKey (v3.0)] stress-8
>>> [KieeKey (v3.0)] stress-9
>>> [KieeKey (v3.0)] stress-10
>>> [KieeKey (v3.0)] stress-11
>>> [KieeKey (v3.0)] stress-12
>>> [KieeKey (v3.0)] stress-13
>>> [KieeKey (v3.0)] stress-14
>>> [KieeKey (v3.0)] stress-15
>>> [KieeKey (v3.0)] stress-16
>>> [KieeKey (v3.0)] stress-17
>>> [KieeKey (v3.0)] stress-18
>>> [KieeKey (v3.0)] stress-19
>>> [KieeKey (v3.0)] stress-20
>>> [KieeKey (v3.0)] stress-21
>>> [KieeKey (v3.0)] stress-22
>>> [KieeKey (v3.0)] stress-23
>>> [KieeKey (v3.0)] stress-24
>>> [KieeKey (v3.0)] stress-25
>>> [KieeKey (v3.0)] stress-26
>>> [KieeKey (v3.0)] stress-27
>>> [KieeKey (v3.0)] stress-28
>>> [KieeKey (v3.0)] stress-29
>>> [KieeKey (v3.0)] stress-30
>>> [KieeKey (v3.0)] stress-31
>>> [KieeKey (v3.0)] stress-32
>>> [KieeKey (v3.0)] stress-33
>>> [KieeKey (v3.0)] stress-34
>>> [KieeKey (v3.0)] stress-35
>>> [KieeKey (v3.0)] stress-36
>>> [KieeKey (v3.0)] stress-37
>>> [KieeKey (v3.0)] stress-38
>>> [KieeKey (v3.0)] stress-39
>>> [KieeKey (v3.0)] stress-40
>>> [KieeKey (v3.0)] stress-41
>>> [KieeKey (v3.0)] stress-42
>>> [KieeKey (v3.0)] stress-43
>>> [KieeKey (v3.0)] stress-44
>>> [KieeKey (v3.0)] stress-45
>>> [KieeKey (v3.0)] stress-46
>>> [KieeKey (v3.0)] stress-47
>>> [KieeKey (v3.0)] stress-48
>>> [KieeKey (v3.0)] stress-49
>>> [KieeKey (v3.0)] stress-50
>>> [KieeKey (v3.0)] stress-51
>>> [KieeKey (v3.0)] stress-52
>>> [KieeKey (v3.0)] fuzz-5k
>>> [OpenKey 2.0.5 (legacy)] passage-0
>>> [OpenKey 2.0.5 (legacy)] passage-1
>>> [OpenKey 2.0.5 (legacy)] passage-2
>>> [OpenKey 2.0.5 (legacy)] passage-3
>>> [OpenKey 2.0.5 (legacy)] passage-4
>>> [OpenKey 2.0.5 (legacy)] passage-5
>>> [OpenKey 2.0.5 (legacy)] passage-6
>>> [OpenKey 2.0.5 (legacy)] passage-7
>>> [OpenKey 2.0.5 (legacy)] passage-8
>>> [OpenKey 2.0.5 (legacy)] passage-9
>>> [OpenKey 2.0.5 (legacy)] passage-10
>>> [OpenKey 2.0.5 (legacy)] passage-11
>>> [OpenKey 2.0.5 (legacy)] passage-12
>>> [OpenKey 2.0.5 (legacy)] passage-13
>>> [OpenKey 2.0.5 (legacy)] passage-14
>>> [OpenKey 2.0.5 (legacy)] stress-0
>>> [OpenKey 2.0.5 (legacy)] stress-1
>>> [OpenKey 2.0.5 (legacy)] stress-2
>>> [OpenKey 2.0.5 (legacy)] stress-3
>>> [OpenKey 2.0.5 (legacy)] stress-4
>>> [OpenKey 2.0.5 (legacy)] stress-5
>>> [OpenKey 2.0.5 (legacy)] stress-6
>>> [OpenKey 2.0.5 (legacy)] stress-7
>>> [OpenKey 2.0.5 (legacy)] stress-8
>>> [OpenKey 2.0.5 (legacy)] stress-9
>>> [OpenKey 2.0.5 (legacy)] stress-10
>>> [OpenKey 2.0.5 (legacy)] stress-11
>>> [OpenKey 2.0.5 (legacy)] stress-12
>>> [OpenKey 2.0.5 (legacy)] stress-13
>>> [OpenKey 2.0.5 (legacy)] stress-14
>>> [OpenKey 2.0.5 (legacy)] stress-15
>>> [OpenKey 2.0.5 (legacy)] stress-16
>>> [OpenKey 2.0.5 (legacy)] stress-17
>>> [OpenKey 2.0.5 (legacy)] stress-18
>>> [OpenKey 2.0.5 (legacy)] stress-19
>>> [OpenKey 2.0.5 (legacy)] stress-20
>>> [OpenKey 2.0.5 (legacy)] stress-21
>>> [OpenKey 2.0.5 (legacy)] stress-22
>>> [OpenKey 2.0.5 (legacy)] stress-23
>>> [OpenKey 2.0.5 (legacy)] stress-24
>>> [OpenKey 2.0.5 (legacy)] stress-25
>>> [OpenKey 2.0.5 (legacy)] stress-26
>>> [OpenKey 2.0.5 (legacy)] stress-27
>>> [OpenKey 2.0.5 (legacy)] stress-28
>>> [OpenKey 2.0.5 (legacy)] stress-29
>>> [OpenKey 2.0.5 (legacy)] stress-30
>>> [OpenKey 2.0.5 (legacy)] stress-31
>>> [OpenKey 2.0.5 (legacy)] stress-32
>>> [OpenKey 2.0.5 (legacy)] stress-33
>>> [OpenKey 2.0.5 (legacy)] stress-34
>>> [OpenKey 2.0.5 (legacy)] stress-35
>>> [OpenKey 2.0.5 (legacy)] stress-36
>>> [OpenKey 2.0.5 (legacy)] stress-37
>>> [OpenKey 2.0.5 (legacy)] stress-38
>>> [OpenKey 2.0.5 (legacy)] stress-39
>>> [OpenKey 2.0.5 (legacy)] stress-40
>>> [OpenKey 2.0.5 (legacy)] stress-41
>>> [OpenKey 2.0.5 (legacy)] stress-42
>>> [OpenKey 2.0.5 (legacy)] stress-43
>>> [OpenKey 2.0.5 (legacy)] stress-44
>>> [OpenKey 2.0.5 (legacy)] stress-45
>>> [OpenKey 2.0.5 (legacy)] stress-46
>>> [OpenKey 2.0.5 (legacy)] stress-47
>>> [OpenKey 2.0.5 (legacy)] stress-48
>>> [OpenKey 2.0.5 (legacy)] stress-49
>>> [OpenKey 2.0.5 (legacy)] stress-50
>>> [OpenKey 2.0.5 (legacy)] stress-51
>>> [OpenKey 2.0.5 (legacy)] stress-52
>>> [OpenKey 2.0.5 (legacy)] fuzz-5k
>>> [UniKey (4.x UKEngine)] passage-0
>>> [UniKey (4.x UKEngine)] passage-1
>>> [UniKey (4.x UKEngine)] passage-2
>>> [UniKey (4.x UKEngine)] passage-3
>>> [UniKey (4.x UKEngine)] passage-4
>>> [UniKey (4.x UKEngine)] passage-5
>>> [UniKey (4.x UKEngine)] passage-6
>>> [UniKey (4.x UKEngine)] passage-7
>>> [UniKey (4.x UKEngine)] passage-8
>>> [UniKey (4.x UKEngine)] passage-9
>>> [UniKey (4.x UKEngine)] passage-10
>>> [UniKey (4.x UKEngine)] passage-11
>>> [UniKey (4.x UKEngine)] passage-12
>>> [UniKey (4.x UKEngine)] passage-13
>>> [UniKey (4.x UKEngine)] passage-14
>>> [UniKey (4.x UKEngine)] stress-0
>>> [UniKey (4.x UKEngine)] stress-1
>>> [UniKey (4.x UKEngine)] stress-2
>>> [UniKey (4.x UKEngine)] stress-3
>>> [UniKey (4.x UKEngine)] stress-4
>>> [UniKey (4.x UKEngine)] stress-5
>>> [UniKey (4.x UKEngine)] stress-6
>>> [UniKey (4.x UKEngine)] stress-7
>>> [UniKey (4.x UKEngine)] stress-8
>>> [UniKey (4.x UKEngine)] stress-9
>>> [UniKey (4.x UKEngine)] stress-10
>>> [UniKey (4.x UKEngine)] stress-11
>>> [UniKey (4.x UKEngine)] stress-12
>>> [UniKey (4.x UKEngine)] stress-13
>>> [UniKey (4.x UKEngine)] stress-14
>>> [UniKey (4.x UKEngine)] stress-15
>>> [UniKey (4.x UKEngine)] stress-16
>>> [UniKey (4.x UKEngine)] stress-17
>>> [UniKey (4.x UKEngine)] stress-18
>>> [UniKey (4.x UKEngine)] stress-19
>>> [UniKey (4.x UKEngine)] stress-20
>>> [UniKey (4.x UKEngine)] stress-21
>>> [UniKey (4.x UKEngine)] stress-22
>>> [UniKey (4.x UKEngine)] stress-23
>>> [UniKey (4.x UKEngine)] stress-24
>>> [UniKey (4.x UKEngine)] stress-25
>>> [UniKey (4.x UKEngine)] stress-26
>>> [UniKey (4.x UKEngine)] stress-27
>>> [UniKey (4.x UKEngine)] stress-28
>>> [UniKey (4.x UKEngine)] stress-29
>>> [UniKey (4.x UKEngine)] stress-30
>>> [UniKey (4.x UKEngine)] stress-31
>>> [UniKey (4.x UKEngine)] stress-32
>>> [UniKey (4.x UKEngine)] stress-33
>>> [UniKey (4.x UKEngine)] stress-34
>>> [UniKey (4.x UKEngine)] stress-35
>>> [UniKey (4.x UKEngine)] stress-36
>>> [UniKey (4.x UKEngine)] stress-37
>>> [UniKey (4.x UKEngine)] stress-38
>>> [UniKey (4.x UKEngine)] stress-39
>>> [UniKey (4.x UKEngine)] stress-40
>>> [UniKey (4.x UKEngine)] stress-41
>>> [UniKey (4.x UKEngine)] stress-42
>>> [UniKey (4.x UKEngine)] stress-43
>>> [UniKey (4.x UKEngine)] stress-44
>>> [UniKey (4.x UKEngine)] stress-45
>>> [UniKey (4.x UKEngine)] stress-46
>>> [UniKey (4.x UKEngine)] stress-47
>>> [UniKey (4.x UKEngine)] stress-48
>>> [UniKey (4.x UKEngine)] stress-49
>>> [UniKey (4.x UKEngine)] stress-50
>>> [UniKey (4.x UKEngine)] stress-51
>>> [UniKey (4.x UKEngine)] stress-52
>>> [UniKey (4.x UKEngine)] fuzz-5k
# Three-Engine Benchmark — KieeKey vs OpenKey 2.0.5 vs UniKey

**Date:** 2026-08-29 · **Method:** Telex · deterministic byte-identical key streams.

- **KieeKey v1.1.1** — shipped `TextEngine` (this repository).
- **OpenKey 2.0.5** — vendored, unmodified legacy engine (`tests/reference/openkey-2.0.5`, compiled `-DLINUX`).
- **UniKey 4.x** — vendored, unmodified `UKEngine` from the official GPL source (`tests/reference/unikey`); the engine behind the current UniKey release line 4.6.250531 (built 2025-12-28). Engine source pulled from the GitHub mirror `hochanh/unikey-source` (SourceForge CVS snapshot) because the official SourceForge SVN is unreachable.

Latency = engine-decision cost per key (the reproducible part headlessly). OS text I/O (TSF / SendInput) is excluded — it is app/OS dependent and measured separately in the app's telemetry.

## 1. Correctness — final visible text per stream

| stream | KieeKey (v3.0) | OpenKey 2.0.5 (legacy) | UniKey (4.x UKEngine) | 3-way |
|---|---|---|---|---|
| passage-0 | `Xin chào, tôi tên là Nam. Rất …` | `Xin chào, tôi tên là Nam. Rất …` | `Xin chào, tôi tên là Nam. Rất …` | ✓ |
| passage-1 | `Hôm nay trời đẹp quá, chúng …` | `Hôm nay trời đẹp quá, chúng …` | `Hôm nay trời đẹp quá, chúng …` | ✓ |
| passage-2 | `Tôi đang học tiếng Việt ở …` | `Tôi đang học tiếng Việt ở …` | `Tôi đang học tiếng Việt ở …` | ✓ |
| passage-3 | `Cảm ơn bạn đã giúp đỡ tô…` | `Cảm ơn bạn đã giúp đỡ tô…` | `Cảm ơn bạn đã giúp đỡ tô…` | ✓ |
| passage-4 | `Bạn có khỏe không? Tôi khỏe…` | `Bạn có khỏe không? Tôi khỏe…` | `Bạn có khỏe không? Tôi khỏe…` | ✓ |
| passage-5 | `Công việc hôm nay nhiều quá, …` | `Công việc hôm nay nhiều quá, …` | `Công việc hôm nay nhiều quá, …` | ✓ |
| passage-6 | `Món ăn này ngon quá, bạn nấu…` | `Món ăn này ngon quá, bạn nấu…` | `Món ăn này ngon quá, bạn nấu…` | ✓ |
| passage-7 | `Ngày mai chúng ta họp lúc 9 gi…` | `Ngày mai chúng ta họp lúc 9 gi…` | `Ngày mai chúng ta họp lúc 9 gi…` | ✓ |
| passage-8 | `Tôi sẽ gửi báo cáo cho bạn …` | `Tôi sẽ gửi báo cáo cho bạn …` | `Tôi sẽ gửi báo cáo cho bạn …` | ✓ |
| passage-9 | `Em yêu anh nhiều lắm, anh có n…` | `Em yêu anh nhiều lắm, anh có n…` | `Em yêu anh nhiều lắm, anh có n…` | ✓ |
| passage-10 | `Please check the file tôi đã gử…` | `Please check the file tôi đã gử…` | `Please check the file tôi đã gử…` | ✓ |
| passage-11 | `OK, tôi sẽ confirm lại với te…` | `OK, tôi sẽ cònirm lại với te…` | `OK, tôi sẽ cònirm lại với te…` | ✗ |
| passage-12 | `Số điện thoại của tôi là …` | `Số điện thoại của tôi là …` | `Số điện thoại của tôi là …` | ✓ |
| passage-13 | `Giá sản phẩm là 1.250.000 đ…` | `Giá sản phẩm là 1.250.000 đ…` | `Giá sản phẩm là 1.250.000 đ…` | ✓ |
| passage-14 | `Hẹn gặp bạn lúc 14:30 ngày 1…` | `Hẹn gặp bạn lúc 14:30 ngày 1…` | `Hẹn gặp bạn lúc 14:30 ngày 1…` | ✓ |
| stress-0 | `chào` | `chào` | `chào` | ✓ |
| stress-1 | `chaof` | `chaof` | `chaof` | ✓ |
| stress-2 | `chaf` | `chaf` | `chaf` | ✓ |
| stress-3 | `chaff` | `chaff` | `chaff` | ✓ |
| stress-4 | `cchaof` | `cchaof` | `cchaof` | ✓ |
| stress-5 | `cas` | `cas` | `cas` | ✓ |
| stress-6 | `cass` | `cass` | `cass` | ✓ |
| stress-7 | `casss` | `casss` | `casss` | ✓ |
| stress-8 | `cf` | `cf` | `cf` | ✓ |
| stress-9 | `cf` | `cf` | `cf` | ✓ |
| stress-10 | `chf` | `chf` | `chf` | ✓ |
| stress-11 | `tôi` | `tôi` | `tôi` | ✓ |
| stress-12 | `tồi` | `tồi` | `tồi` | ✓ |
| stress-13 | `tôif` | `tôif` | `tôif` | ✓ |
| stress-14 | `tôf` | `tôf` | `tôf` | ✓ |
| stress-15 | `hòa` | `hòa` | `hòa` | ✓ |
| stress-16 | `hof` | `hof` | `hof` | ✓ |
| stress-17 | `hf` | `hf` | `hf` | ✓ |
| stress-18 | `đăng` | `đăng` | `đăng` | ✓ |
| stress-19 | `đằng` | `đằng` | `đằng` | ✓ |
| stress-20 | `đănngf` | `đănngf` | `đănngf` | ✓ |
| stress-21 | `đằn` | `đằn` | `đằn` | ✓ |
| stress-22 | `muòi` | `muòi` | `muòi` | ✓ |
| stress-23 | `muof` | `muof` | `uof` | ✗ |
| stress-24 | `muồi` | `muồi` | `muồi` | ✓ |
| stress-25 | `muf` | `muf` | `uf` | ✗ |
| stress-26 | `quấ` | `quấ` | `quấ` | ✓ |
| stress-27 | `quâs` | `quâs` | `quâs` | ✓ |
| stress-28 | `qus` | `qus` | `qus` | ✓ |
| stress-29 | `giá` | `giá` | `giá` | ✓ |
| stress-30 | `gí` | `gí` | `gí` | ✓ |
| stress-31 | `giấ` | `giấ` | `giấ` | ✓ |
| stress-32 | `gí` | `gí` | `gí` | ✓ |
| stress-33 | `người` | `người` | `người` | ✓ |
| stress-34 | `ngươif` | `ngươif` | `ngươif` | ✓ |
| stress-35 | `ngươf` | `ngươf` | `ngươf` | ✓ |
| stress-36 | `thương` | `thương` | `thương` | ✓ |
| stress-37 | `thường` | `thường` | `thường` | ✓ |
| stress-38 | `thườn` | `thườn` | `thườn` | ✓ |
| stress-39 | `câu` | `câu` | `câu` | ✓ |
| stress-40 | `cầu` | `cầu` | `cầu` | ✓ |
| stress-41 | `cầ` | `cầ` | `cầ` | ✓ |
| stress-42 | `cf` | `cf` | `cf` | ✓ |
| stress-43 | `biet` | `biet` | `biet` | ✓ |
| stress-44 | `biết` | `biết` | `biết` | ✓ |
| stress-45 | `biês` | `biês` | `biês` | ✓ |
| stress-46 | `biết` | `biết` | `biết` | ✓ |
| stress-47 | `chào cá` | `chào cá` | `chào cá` | ✓ |
| stress-48 | `chào cá f` | `chào cá f` | `chào cá f` | ✓ |
| stress-49 | `cas chà` | `cas chà` | `cas chà` | ✓ |
| stress-50 | `toi ten la nam` | `toi ten la nam` | `toi ten la nam` | ✓ |
| stress-51 | `xin chao ban` | `xin chao ban` | `xin chao ban` | ✓ |
| stress-52 | `toi không biết` | `toi không biết` | `toi không biết` | ✓ |
| fuzz-5k | `ovobn ejuhrkt xlyrjc vvtwoy fgssokv …` | `ovobn ẹuhrkt xlyrjc vvtwoy fgssokv…` | `ovobn ẹuhrkt xlyrjc vvtwoy fgssokv…` | ✗ |

**Agreement:** 3-way `65/69` · KieeKey (v3.0) == OpenKey 2.0.5 (legacy) `67/69` · KieeKey (v3.0) == UniKey (4.x UKEngine) `65/69` · OpenKey 2.0.5 (legacy) == UniKey (4.x UKEngine) `66/69`

## 2. Real passages — exact match vs intended Vietnamese text

| engine | exact vs intended | of 15 |
|---|---|---|
| KieeKey (v3.0) | **15** | 15 |
| OpenKey 2.0.5 (legacy) | **14** | 15 |
| UniKey (4.x UKEngine) | **14** | 15 |

## 3. Latency — engine decision per key (ns)

| engine | mean | p50 | p90 | p99 | max | sampled keys |
|---|---|---|---|---|---|---|
| KieeKey (v3.0) | 143.7 | 112 | 200 | 447 | 3648351 | 2000000 |
| OpenKey 2.0.5 (legacy) | 301.8 | 234 | 430 | 1092 | 3314742 | 2000000 |
| UniKey (4.x UKEngine) | 117.7 | 105 | 144 | 203 | 526041 | 2000000 |

Includes ~20–40 ns of per-sample timing overhead, identical for all engines — the relative ranking is exact. `keys` from the correctness run: 6176 / 6176 / 6176.

## 4. Engine state — memory footprint

| engine | core object | internal buffers | approx total |
|---|---|---|---|
| KieeKey (v3.0) | `TextEngine` 9064 B | raw-word buffer (kMaxBuff=32), undo history 64×32 | 9064 B (+ heap history) |
| OpenKey 2.0.5 (legacy) | engine globals | TypingWord[80], word/state histories | ~8 KiB |
| UniKey (4.x UKEngine) | `UkEngine` 7752 B + `UkSharedMem` 141384 B | m_buffer[128] WordInfo, m_keyStrokes[128], macro store | 149136 B |

## Notes

- **"Delay when typing accents":** engine decision is 60–400 ns/key on all three engines — imperceptible. The perceived delay in the shipped app is the producer→consumer TSF hop (one synchronous edit session per edit). The fix shipped in this segment batches consecutive edits into ONE `TF_ES_SYNC` session and adds the producer-side ordering barrier; see `notes/fix_design.md`.
- **Ghosting/sticking when typing and deleting quickly:** fixed by (1) swallowing the KeyUp of a suppressed KeyDown (phantom key-up) and (2) draining pending edits before a pass-through key reaches the app. Both live in the shipped Windows exe; the engine-level semantics are locked by `tests/test_hotfix.cpp` and this benchmark.
- **Passage-11 (`confirm`)** and the fuzz show KieeKey's shipped spelling auto-restore (`restoreIfWrongSpelling=true`): non-Vietnamese words keep their raw letters, while the 2.0.5/UniKey defaults mark them (`cònirm`, `ẹuhrkt`). Turn the option off and all three agree.
- **UniKey upstream engine limit:** its `UKEngine` uses a fixed 128-entry word buffer; words longer than that overflow its state machine (OOB read, ASAN-confirmed in the vendored reference). No human-typed word can exceed it — the comparative streams cap words at 11 letters, the realistic maximum — and the issue is documented here rather than patched into the unmodified reference.
- **OpenKey 2.0.5 reference defect:** `checkForStandaloneChar` reads `TypingWord[_index - 1]` without an `_index > 0` guard (Engine.cpp:995). Under ASan this is a global-buffer-overflow READ (4 bytes before the 128-byte `TypingWord`), reproducible on the fuzz-5k stream. Release builds read benign adjacent memory and output is unaffected — the differential agreement is unchanged — but the unmodified vendored reference carries this pre-existing UB. It is documented here, not patched, to keep the reference pristine.
- Correctness differences between engines are the documented rule differences (free-marking, auto-restore defaults, tone placement). The exhaustive KieeKey vs 2.0.5 differential is `MEGA_BENCH_REPORT.md`; this benchmark adds UniKey.
[bench] report written to THREE_ENGINE_BENCH_REPORT.md
