Test project /home/user/base-rc4/build/tsan
      Start  1: ok_wrap_tests
 1/20 Test  #1: ok_wrap_tests ....................   Passed    0.07 sec
      Start  2: ok_tests
 2/20 Test  #2: ok_tests .........................   Passed    0.01 sec
      Start  3: ok_ring_tests
 3/20 Test  #3: ok_ring_tests ....................   Passed    3.92 sec
      Start  4: ok_outputitem_tests
 4/20 Test  #4: ok_outputitem_tests ..............   Passed    0.01 sec
      Start  5: ok_hotfix_tests
 5/20 Test  #5: ok_hotfix_tests ..................   Passed    0.01 sec
      Start  6: ok_diff_ab_tests
 6/20 Test  #6: ok_diff_ab_tests .................   Passed    5.75 sec
      Start  7: ok_notify_tests
 7/20 Test  #7: ok_notify_tests ..................   Passed    0.19 sec
      Start  8: ok_stress_rc2
 8/20 Test  #8: ok_stress_rc2 ....................   Passed    4.54 sec
      Start  9: ok_v331_tests
 9/20 Test  #9: ok_v331_tests ....................   Passed    0.01 sec
      Start 10: ok_stress_tests
10/20 Test #10: ok_stress_tests ..................   Passed    5.80 sec
      Start 11: ok_soak_tests
11/20 Test #11: ok_soak_tests ....................   Passed   43.71 sec
      Start 12: ok_queue_stress_tests
12/20 Test #12: ok_queue_stress_tests ............   Passed    2.63 sec
      Start 13: ok_gate_tests
13/20 Test #13: ok_gate_tests ....................   Passed    1.68 sec
      Start 14: ok_key_tests
14/20 Test #14: ok_key_tests .....................   Passed    0.20 sec
      Start 15: ok_state_tests
15/20 Test #15: ok_state_tests ...................   Passed    0.67 sec
      Start 16: ok_lifecycle_tests
16/20 Test #16: ok_lifecycle_tests ...............   Passed    5.24 sec
      Start 17: ok_soak_pipeline
17/20 Test #17: ok_soak_pipeline .................   Passed    1.62 sec
      Start 18: ok_perf_profiles
18/20 Test #18: ok_perf_profiles .................   Passed    0.01 sec
      Start 19: ok_option_matrix
19/20 Test #19: ok_option_matrix .................   Passed  322.82 sec
      Start 20: ok_version_check
20/20 Test #20: ok_version_check .................   Passed    0.12 sec

100% tests passed out of 20

Total Test time (real) = 399.03 sec
