== KieeKey cross-build ==
   zig    : python3 -m ziglang (0.16.0)
   target : x86_64-windows-gnu
   config : Release
   out    : /home/user/KieeKey/build/win-x64

-- compiling -----------------------------------------------------------
  src/core/ModernKeyHook.cpp        ok
  src/core/ProcessMonitor.cpp       ok
  src/core/TextEngine.cpp           ok
  src/core/win32_wrapper.cpp        ok
  src/tsf/TsfComposer.cpp           ok
  src/app/main.cpp                  ok
-- resources -----------------------------------------------------------
  src/app/KieeKeyApp.rc             ok
-- linking -------------------------------------------------------------
  KieeKeyApp.exe                    ok

== built: /home/user/KieeKey/build/win-x64/KieeKeyApp.exe (1289728 bytes) ==
X64_RC=0
== KieeKey cross-build ==
   zig    : python3 -m ziglang (0.16.0)
   target : aarch64-windows-gnu
   config : Release
   out    : /home/user/KieeKey/build/win-arm64

-- compiling -----------------------------------------------------------
  src/core/ModernKeyHook.cpp        ok
  src/core/ProcessMonitor.cpp       ok
  src/core/TextEngine.cpp           ok
  src/core/win32_wrapper.cpp        ok
  src/tsf/TsfComposer.cpp           ok
  src/app/main.cpp                  ok
-- resources -----------------------------------------------------------
  src/app/KieeKeyApp.rc             ok
-- linking -------------------------------------------------------------
  KieeKeyApp.exe                    ok

== built: /home/user/KieeKey/build/win-arm64/KieeKeyApp.exe (1216000 bytes) ==
ARM64_RC=0
