=== verify harness identity between RC3 and RC4 ===
IDENTICAL: tests/e2e_bench.cpp
IDENTICAL: tests/bench_tone_latency.cpp
IDENTICAL: tests/bench_tput_floor.cpp
=== build RC4 tput floor driver (not a CMake target) ===
=== E2E production-path A/B (5 interleaved runs x 200000 keys) ===
--- run 1
RC3 [e2e] KieeKey - Win32 wrapper E2E latency
RC3 [e2e] workload: 200000 keys, burst (word bursts + inter-burst pauses, v3.0 convention), spin-cap=200 us, model=all, runs=1
RC3 [e2e] ---- run 0 ----
RC3 [e2e] SCHED_FIFO unavailable (rc=1, need root) - Windows uses THREAD_PRIORITY_TIME_CRITICAL + HIGH_PRIORITY_CLASS instead
RC3 [e2e] keys=200000 edits-batched sendInputCalls=216
RC3 [e2e] RAW      p50=9.699 us  p95=30.323 us  p99=170.064 us  p99.9=3230.708 us  max=7681.879 us
RC3 [e2e] BURST/HOT (wake-free, the burst-mode population)
RC3 [e2e]          p50=9.385 us  p95=25.717 us  p99=44.380 us  p99.9=75.985 us  max=99.951 us
RC3 [e2e] WAKE-PAY (first key after a pause - OS wake cost, host-dependent)
RC3 [e2e]          p50=12.494 us  p99=182.132 us  n=22224
RC3 [e2e] PIPELINE (all keys, deschedule-excluded)
RC3 [e2e]          p50=9.664 us  p99=44.740 us  p99.9=75.985 us  max=99.951 us
RC3 [e2e] lag spikes (>100 us): 2416 keys in 142 contiguous scheduler deschedule events (1.2080%)
RC3 [e2e] throughput: 14435 keys/s (includes burst pacing)
RC3 [e2e] peak RSS: 14.34 MB total; IME pipeline footprint ~9.38 MB (excl. 5.0 MB harness arrays; engine-only baseline 2.00 MB)
RC3 [e2e] TARGETS (burst mode median of 1 run(s), wake-free population): p50 FAIL (9.385 <= 2.5)  p99 FAIL (44.380 <= 7.0)
RC4 [e2e] KieeKey - Win32 wrapper E2E latency
RC4 [e2e] workload: 200000 keys, burst (word bursts + inter-burst pauses, v3.0 convention), spin-cap=200 us, model=all, runs=1
RC4 [e2e] ---- run 0 ----
RC4 [e2e] SCHED_FIFO unavailable (rc=1, need root) - Windows uses THREAD_PRIORITY_TIME_CRITICAL + HIGH_PRIORITY_CLASS instead
RC4 [e2e] keys=200000 edits-batched sendInputCalls=216
RC4 [e2e] RAW      p50=9.770 us  p95=29.656 us  p99=533.583 us  p99.9=3108.681 us  max=6081.381 us
RC4 [e2e] BURST/HOT (wake-free, the burst-mode population)
RC4 [e2e]          p50=9.461 us  p95=21.258 us  p99=44.509 us  p99.9=76.742 us  max=99.141 us
RC4 [e2e] WAKE-PAY (first key after a pause - OS wake cost, host-dependent)
RC4 [e2e]          p50=12.564 us  p99=593.360 us  n=22224
RC4 [e2e] PIPELINE (all keys, deschedule-excluded)
RC4 [e2e]          p50=9.717 us  p99=44.886 us  p99.9=76.798 us  max=99.264 us
RC4 [e2e] lag spikes (>100 us): 3944 keys in 214 contiguous scheduler deschedule events (1.9720%)
RC4 [e2e] throughput: 14284 keys/s (includes burst pacing)
RC4 [e2e] peak RSS: 14.31 MB total; IME pipeline footprint ~9.35 MB (excl. 5.0 MB harness arrays; engine-only baseline 2.00 MB)
RC4 [e2e] TARGETS (burst mode median of 1 run(s), wake-free population): p50 FAIL (9.461 <= 2.5)  p99 FAIL (44.509 <= 7.0)
--- run 2
RC3 [e2e] KieeKey - Win32 wrapper E2E latency
RC3 [e2e] workload: 200000 keys, burst (word bursts + inter-burst pauses, v3.0 convention), spin-cap=200 us, model=all, runs=1
RC3 [e2e] ---- run 0 ----
RC3 [e2e] SCHED_FIFO unavailable (rc=1, need root) - Windows uses THREAD_PRIORITY_TIME_CRITICAL + HIGH_PRIORITY_CLASS instead
RC3 [e2e] keys=200000 edits-batched sendInputCalls=216
RC3 [e2e] RAW      p50=10.042 us  p95=39.419 us  p99=1102.449 us  p99.9=4417.443 us  max=9934.268 us
RC3 [e2e] BURST/HOT (wake-free, the burst-mode population)
RC3 [e2e]          p50=9.649 us  p95=27.067 us  p99=44.630 us  p99.9=73.555 us  max=99.971 us
RC3 [e2e] WAKE-PAY (first key after a pause - OS wake cost, host-dependent)
RC3 [e2e]          p50=12.778 us  p99=1198.389 us  n=22224
RC3 [e2e] PIPELINE (all keys, deschedule-excluded)
RC3 [e2e]          p50=9.946 us  p99=44.970 us  p99.9=73.649 us  max=99.971 us
RC3 [e2e] lag spikes (>100 us): 6200 keys in 242 contiguous scheduler deschedule events (3.1000%)
RC3 [e2e] throughput: 14104 keys/s (includes burst pacing)
RC3 [e2e] peak RSS: 13.95 MB total; IME pipeline footprint ~8.99 MB (excl. 5.0 MB harness arrays; engine-only baseline 2.00 MB)
RC3 [e2e] TARGETS (burst mode median of 1 run(s), wake-free population): p50 FAIL (9.649 <= 2.5)  p99 FAIL (44.630 <= 7.0)
RC4 [e2e] KieeKey - Win32 wrapper E2E latency
RC4 [e2e] workload: 200000 keys, burst (word bursts + inter-burst pauses, v3.0 convention), spin-cap=200 us, model=all, runs=1
RC4 [e2e] ---- run 0 ----
RC4 [e2e] SCHED_FIFO unavailable (rc=1, need root) - Windows uses THREAD_PRIORITY_TIME_CRITICAL + HIGH_PRIORITY_CLASS instead
RC4 [e2e] keys=200000 edits-batched sendInputCalls=216
RC4 [e2e] RAW      p50=9.990 us  p95=33.343 us  p99=945.257 us  p99.9=4104.770 us  max=11017.119 us
RC4 [e2e] BURST/HOT (wake-free, the burst-mode population)
RC4 [e2e]          p50=9.668 us  p95=19.216 us  p99=45.155 us  p99.9=79.516 us  max=99.938 us
RC4 [e2e] WAKE-PAY (first key after a pause - OS wake cost, host-dependent)
RC4 [e2e]          p50=12.916 us  p99=964.800 us  n=22224
RC4 [e2e] PIPELINE (all keys, deschedule-excluded)
RC4 [e2e]          p50=9.920 us  p99=45.570 us  p99.9=79.164 us  max=99.938 us
RC4 [e2e] lag spikes (>100 us): 5364 keys in 191 contiguous scheduler deschedule events (2.6820%)
RC4 [e2e] throughput: 14143 keys/s (includes burst pacing)
RC4 [e2e] peak RSS: 14.31 MB total; IME pipeline footprint ~9.35 MB (excl. 5.0 MB harness arrays; engine-only baseline 2.00 MB)
RC4 [e2e] TARGETS (burst mode median of 1 run(s), wake-free population): p50 FAIL (9.668 <= 2.5)  p99 FAIL (45.155 <= 7.0)
--- run 3
RC3 [e2e] KieeKey - Win32 wrapper E2E latency
RC3 [e2e] workload: 200000 keys, burst (word bursts + inter-burst pauses, v3.0 convention), spin-cap=200 us, model=all, runs=1
RC3 [e2e] ---- run 0 ----
RC3 [e2e] SCHED_FIFO unavailable (rc=1, need root) - Windows uses THREAD_PRIORITY_TIME_CRITICAL + HIGH_PRIORITY_CLASS instead
RC3 [e2e] keys=200000 edits-batched sendInputCalls=216
RC3 [e2e] RAW      p50=10.115 us  p95=41.228 us  p99=818.744 us  p99.9=3532.618 us  max=6590.492 us
RC3 [e2e] BURST/HOT (wake-free, the burst-mode population)
RC3 [e2e]          p50=9.688 us  p95=33.499 us  p99=47.174 us  p99.9=85.621 us  max=99.894 us
RC3 [e2e] WAKE-PAY (first key after a pause - OS wake cost, host-dependent)
RC3 [e2e]          p50=13.302 us  p99=820.600 us  n=22224
RC3 [e2e] PIPELINE (all keys, deschedule-excluded)
RC3 [e2e]          p50=10.024 us  p99=47.565 us  p99.9=85.740 us  max=99.894 us
RC3 [e2e] lag spikes (>100 us): 4925 keys in 233 contiguous scheduler deschedule events (2.4625%)
RC3 [e2e] throughput: 14127 keys/s (includes burst pacing)
RC3 [e2e] peak RSS: 14.07 MB total; IME pipeline footprint ~9.11 MB (excl. 5.0 MB harness arrays; engine-only baseline 2.00 MB)
RC3 [e2e] TARGETS (burst mode median of 1 run(s), wake-free population): p50 FAIL (9.688 <= 2.5)  p99 FAIL (47.174 <= 7.0)
RC4 [e2e] KieeKey - Win32 wrapper E2E latency
RC4 [e2e] workload: 200000 keys, burst (word bursts + inter-burst pauses, v3.0 convention), spin-cap=200 us, model=all, runs=1
RC4 [e2e] ---- run 0 ----
RC4 [e2e] SCHED_FIFO unavailable (rc=1, need root) - Windows uses THREAD_PRIORITY_TIME_CRITICAL + HIGH_PRIORITY_CLASS instead
RC4 [e2e] keys=200000 edits-batched sendInputCalls=216
RC4 [e2e] RAW      p50=10.201 us  p95=512.935 us  p99=1923.816 us  p99.9=6492.648 us  max=13768.599 us
RC4 [e2e] BURST/HOT (wake-free, the burst-mode population)
RC4 [e2e]          p50=9.651 us  p95=28.629 us  p99=49.717 us  p99.9=88.779 us  max=99.916 us
RC4 [e2e] WAKE-PAY (first key after a pause - OS wake cost, host-dependent)
RC4 [e2e]          p50=13.061 us  p99=1840.635 us  n=22224
RC4 [e2e] PIPELINE (all keys, deschedule-excluded)
RC4 [e2e]          p50=9.920 us  p99=50.173 us  p99.9=88.779 us  max=99.916 us
RC4 [e2e] lag spikes (>100 us): 16644 keys in 371 contiguous scheduler deschedule events (8.3220%)
RC4 [e2e] throughput: 14227 keys/s (includes burst pacing)
RC4 [e2e] peak RSS: 14.03 MB total; IME pipeline footprint ~9.07 MB (excl. 5.0 MB harness arrays; engine-only baseline 2.00 MB)
RC4 [e2e] TARGETS (burst mode median of 1 run(s), wake-free population): p50 FAIL (9.651 <= 2.5)  p99 FAIL (49.717 <= 7.0)
--- run 4
RC3 [e2e] KieeKey - Win32 wrapper E2E latency
RC3 [e2e] workload: 200000 keys, burst (word bursts + inter-burst pauses, v3.0 convention), spin-cap=200 us, model=all, runs=1
RC3 [e2e] ---- run 0 ----
RC3 [e2e] SCHED_FIFO unavailable (rc=1, need root) - Windows uses THREAD_PRIORITY_TIME_CRITICAL + HIGH_PRIORITY_CLASS instead
RC3 [e2e] keys=200000 edits-batched sendInputCalls=216
RC3 [e2e] RAW      p50=9.986 us  p95=52.011 us  p99=1391.267 us  p99.9=5135.114 us  max=9028.650 us
RC3 [e2e] BURST/HOT (wake-free, the burst-mode population)
RC3 [e2e]          p50=9.592 us  p95=24.114 us  p99=46.653 us  p99.9=88.660 us  max=99.785 us
RC3 [e2e] WAKE-PAY (first key after a pause - OS wake cost, host-dependent)
RC3 [e2e]          p50=12.610 us  p99=1360.095 us  n=22224
RC3 [e2e] PIPELINE (all keys, deschedule-excluded)
RC3 [e2e]          p50=9.855 us  p99=47.080 us  p99.9=88.526 us  max=99.833 us
RC3 [e2e] lag spikes (>100 us): 8978 keys in 256 contiguous scheduler deschedule events (4.4890%)
RC3 [e2e] throughput: 14319 keys/s (includes burst pacing)
RC3 [e2e] peak RSS: 14.09 MB total; IME pipeline footprint ~9.13 MB (excl. 5.0 MB harness arrays; engine-only baseline 2.00 MB)
RC3 [e2e] TARGETS (burst mode median of 1 run(s), wake-free population): p50 FAIL (9.592 <= 2.5)  p99 FAIL (46.653 <= 7.0)
RC4 [e2e] KieeKey - Win32 wrapper E2E latency
RC4 [e2e] workload: 200000 keys, burst (word bursts + inter-burst pauses, v3.0 convention), spin-cap=200 us, model=all, runs=1
RC4 [e2e] ---- run 0 ----
RC4 [e2e] SCHED_FIFO unavailable (rc=1, need root) - Windows uses THREAD_PRIORITY_TIME_CRITICAL + HIGH_PRIORITY_CLASS instead
RC4 [e2e] keys=200000 edits-batched sendInputCalls=216
RC4 [e2e] RAW      p50=10.230 us  p95=49.182 us  p99=1333.711 us  p99.9=6624.980 us  max=15303.223 us
RC4 [e2e] BURST/HOT (wake-free, the burst-mode population)
RC4 [e2e]          p50=9.813 us  p95=29.211 us  p99=46.332 us  p99.9=84.783 us  max=99.977 us
RC4 [e2e] WAKE-PAY (first key after a pause - OS wake cost, host-dependent)
RC4 [e2e]          p50=13.275 us  p99=1281.844 us  n=22224
RC4 [e2e] PIPELINE (all keys, deschedule-excluded)
RC4 [e2e]          p50=10.094 us  p99=46.828 us  p99.9=84.898 us  max=99.977 us
RC4 [e2e] lag spikes (>100 us): 8487 keys in 251 contiguous scheduler deschedule events (4.2435%)
RC4 [e2e] throughput: 14288 keys/s (includes burst pacing)
RC4 [e2e] peak RSS: 14.06 MB total; IME pipeline footprint ~9.10 MB (excl. 5.0 MB harness arrays; engine-only baseline 2.00 MB)
RC4 [e2e] TARGETS (burst mode median of 1 run(s), wake-free population): p50 FAIL (9.813 <= 2.5)  p99 FAIL (46.332 <= 7.0)
--- run 5
RC3 [e2e] KieeKey - Win32 wrapper E2E latency
RC3 [e2e] workload: 200000 keys, burst (word bursts + inter-burst pauses, v3.0 convention), spin-cap=200 us, model=all, runs=1
RC3 [e2e] ---- run 0 ----
RC3 [e2e] SCHED_FIFO unavailable (rc=1, need root) - Windows uses THREAD_PRIORITY_TIME_CRITICAL + HIGH_PRIORITY_CLASS instead
RC3 [e2e] keys=200000 edits-batched sendInputCalls=216
RC3 [e2e] RAW      p50=10.397 us  p95=411.040 us  p99=2451.893 us  p99.9=5543.038 us  max=10167.011 us
RC3 [e2e] BURST/HOT (wake-free, the burst-mode population)
RC3 [e2e]          p50=9.873 us  p95=29.550 us  p99=47.169 us  p99.9=83.598 us  max=99.965 us
RC3 [e2e] WAKE-PAY (first key after a pause - OS wake cost, host-dependent)
RC3 [e2e]          p50=13.562 us  p99=2316.365 us  n=22224
RC3 [e2e] PIPELINE (all keys, deschedule-excluded)
RC3 [e2e]          p50=10.168 us  p99=47.741 us  p99.9=84.025 us  max=99.965 us
RC3 [e2e] lag spikes (>100 us): 13301 keys in 307 contiguous scheduler deschedule events (6.6505%)
RC3 [e2e] throughput: 14232 keys/s (includes burst pacing)
RC3 [e2e] peak RSS: 14.22 MB total; IME pipeline footprint ~9.26 MB (excl. 5.0 MB harness arrays; engine-only baseline 2.00 MB)
RC3 [e2e] TARGETS (burst mode median of 1 run(s), wake-free population): p50 FAIL (9.873 <= 2.5)  p99 FAIL (47.169 <= 7.0)
RC4 [e2e] KieeKey - Win32 wrapper E2E latency
RC4 [e2e] workload: 200000 keys, burst (word bursts + inter-burst pauses, v3.0 convention), spin-cap=200 us, model=all, runs=1
RC4 [e2e] ---- run 0 ----
RC4 [e2e] SCHED_FIFO unavailable (rc=1, need root) - Windows uses THREAD_PRIORITY_TIME_CRITICAL + HIGH_PRIORITY_CLASS instead
RC4 [e2e] keys=200000 edits-batched sendInputCalls=216
RC4 [e2e] RAW      p50=10.178 us  p95=49.697 us  p99=1871.258 us  p99.9=4789.046 us  max=12370.001 us
RC4 [e2e] BURST/HOT (wake-free, the burst-mode population)
RC4 [e2e]          p50=9.664 us  p95=34.217 us  p99=47.968 us  p99.9=79.634 us  max=99.857 us
RC4 [e2e] WAKE-PAY (first key after a pause - OS wake cost, host-dependent)
RC4 [e2e]          p50=12.897 us  p99=1815.123 us  n=22224
RC4 [e2e] PIPELINE (all keys, deschedule-excluded)
RC4 [e2e]          p50=10.009 us  p99=48.482 us  p99.9=79.634 us  max=99.857 us
RC4 [e2e] lag spikes (>100 us): 8378 keys in 346 contiguous scheduler deschedule events (4.1890%)
RC4 [e2e] throughput: 13925 keys/s (includes burst pacing)
RC4 [e2e] peak RSS: 13.99 MB total; IME pipeline footprint ~9.03 MB (excl. 5.0 MB harness arrays; engine-only baseline 2.00 MB)
RC4 [e2e] TARGETS (burst mode median of 1 run(s), wake-free population): p50 FAIL (9.664 <= 2.5)  p99 FAIL (47.968 <= 7.0)
=== tone latency A/B (production paths, all populations) ===
--- run 1
RC3 [tone] KieeKey v1.2.0 Stable — tone-population latency benchmark
RC3 [tone] mixed pace(s)=150,250 reps=1 (--fast for one pace/one rep, --full for the exhaustive matrix)
RC3 [tone] composition validation: 8 populations OK
RC3 [pop] tone-append     path=inline          barrier=spin   commit=0ns n=6000
RC3       desc: as -> a-acute (1 tone key = 1 edit)
RC3       EDIT  n=2000  E2E(t5) p50=  0.168 p99=   2.167 p99.9=    6.705 max=   10.636 us
RC3             t1(decision) p50= 0.064  t2(push/emit) p50=  0.168  t3(deq) p50=  0.000  t4(flush) p50=  0.000  t5(commit) p50=  0.000 us
RC3       PASS  n=4000  delivery(t2) p50=  0.089 p99=   0.157 max=   24.708 us | barrier p50=  0.000 max=    0.000 us
RC3       edits: 2000 sendInputCalls: 2000
RC3 [pop] tone-append     path=inline          barrier=hybrid commit=0ns n=6000
RC3       desc: as -> a-acute (1 tone key = 1 edit)
RC3       EDIT  n=2000  E2E(t5) p50=  0.168 p99=   1.787 p99.9=    4.828 max=   21.318 us
RC3             t1(decision) p50= 0.064  t2(push/emit) p50=  0.168  t3(deq) p50=  0.000  t4(flush) p50=  0.000  t5(commit) p50=  0.000 us
RC3       PASS  n=4000  delivery(t2) p50=  0.088 p99=   0.097 max=    9.339 us | barrier p50=  0.000 max=    0.000 us
RC3       edits: 2000 sendInputCalls: 2000
RC3 [pop] dbar            path=inline          barrier=spin   commit=0ns n=6000
RC3       desc: dd -> d-stroke (d-bar edit)
RC3       EDIT  n=2000  E2E(t5) p50=  0.161 p99=   1.605 p99.9=    7.490 max=   29.240 us
RC3             t1(decision) p50= 0.057  t2(push/emit) p50=  0.161  t3(deq) p50=  0.000  t4(flush) p50=  0.000  t5(commit) p50=  0.000 us
RC3       PASS  n=4000  delivery(t2) p50=  0.092 p99=   0.123 max=    2.703 us | barrier p50=  0.000 max=    0.000 us
RC3       edits: 2000 sendInputCalls: 2000
RC3 [pop] dbar            path=inline          barrier=hybrid commit=0ns n=6000
RC3       desc: dd -> d-stroke (d-bar edit)
RC3       EDIT  n=2000  E2E(t5) p50=  0.161 p99=   1.446 p99.9=    5.791 max=    9.947 us
RC3             t1(decision) p50= 0.057  t2(push/emit) p50=  0.161  t3(deq) p50=  0.000  t4(flush) p50=  0.000  t5(commit) p50=  0.000 us
RC3       PASS  n=4000  delivery(t2) p50=  0.088 p99=   0.097 max=    5.853 us | barrier p50=  0.000 max=    0.000 us
RC3       edits: 2000 sendInputCalls: 2000
RC3 [pop] reposition      path=inline          barrier=spin   commit=0ns n=8000
RC3       desc: asa -> a-circumflex-acute (sac reposition)
RC3       EDIT  n=4000  E2E(t5) p50=  0.170 p99=   1.510 p99.9=    6.949 max=   98.241 us
RC3             t1(decision) p50= 0.066  t2(push/emit) p50=  0.170  t3(deq) p50=  0.000  t4(flush) p50=  0.000  t5(commit) p50=  0.000 us
RC3       PASS  n=4000  delivery(t2) p50=  0.093 p99=   0.108 max=    6.715 us | barrier p50=  0.000 max=    0.000 us
RC3       edits: 4000 sendInputCalls: 4000
RC3 [pop] reposition      path=inline          barrier=hybrid commit=0ns n=8000
RC3       desc: asa -> a-circumflex-acute (sac reposition)
RC3       EDIT  n=4000  E2E(t5) p50=  0.171 p99=   1.663 p99.9=    5.003 max=   16.125 us
RC3             t1(decision) p50= 0.066  t2(push/emit) p50=  0.171  t3(deq) p50=  0.000  t4(flush) p50=  0.000  t5(commit) p50=  0.000 us
RC3       PASS  n=4000  delivery(t2) p50=  0.095 p99=   0.130 max=   11.712 us | barrier p50=  0.000 max=    0.000 us
RC3       edits: 4000 sendInputCalls: 4000
RC3 [pop] restore-reissue path=inline          barrier=spin   commit=0ns n=10000
RC3       desc: asas -> Restore chain: 2 edits + Restore-reissue + space-Restore-reissue
RC3       EDIT  n=8000  E2E(t5) p50=  0.173 p99=   1.793 p99.9=    6.199 max=  220.602 us
RC3             t1(decision) p50= 0.069  t2(push/emit) p50=  0.173  t3(deq) p50=  0.000  t4(flush) p50=  0.000  t5(commit) p50=  0.000 us
RC3       PASS  n=2000  delivery(t2) p50=  0.080 p99=   0.130 max=    9.696 us | barrier p50=  0.000 max=    0.000 us
RC3       edits: 8000 sendInputCalls: 8000
RC3 [pop] restore-reissue path=inline          barrier=hybrid commit=0ns n=10000
RC3       desc: asas -> Restore chain: 2 edits + Restore-reissue + space-Restore-reissue
RC3       EDIT  n=8000  E2E(t5) p50=  0.173 p99=   1.641 p99.9=    7.297 max=   10.432 us
RC3             t1(decision) p50= 0.069  t2(push/emit) p50=  0.173  t3(deq) p50=  0.000  t4(flush) p50=  0.000  t5(commit) p50=  0.000 us
RC3       PASS  n=2000  delivery(t2) p50=  0.080 p99=   0.086 max=    3.300 us | barrier p50=  0.000 max=    0.000 us
RC3       edits: 8000 sendInputCalls: 8000
RC3 [pop] double-tone     path=inline          barrier=spin   commit=0ns n=12000
RC3       desc: oasas -> double-tone family + Restore chain
RC3       EDIT  n=8000  E2E(t5) p50=  0.261 p99=   2.363 p99.9=    5.458 max=  330.579 us
RC3             t1(decision) p50= 0.123  t2(push/emit) p50=  0.261  t3(deq) p50=  0.000  t4(flush) p50=  0.000  t5(commit) p50=  0.000 us
RC3       PASS  n=4000  delivery(t2) p50=  0.079 p99=   0.127 max=    3.441 us | barrier p50=  0.000 max=    0.000 us
RC3       edits: 8000 sendInputCalls: 8000
RC3 [pop] double-tone     path=inline          barrier=hybrid commit=0ns n=12000
RC3       desc: oasas -> double-tone family + Restore chain
RC3       EDIT  n=8000  E2E(t5) p50=  0.261 p99=   2.397 p99.9=    6.267 max=   13.285 us
RC3             t1(decision) p50= 0.123  t2(push/emit) p50=  0.261  t3(deq) p50=  0.000  t4(flush) p50=  0.000  t5(commit) p50=  0.000 us
RC3       PASS  n=4000  delivery(t2) p50=  0.079 p99=   0.118 max=    2.652 us | barrier p50=  0.000 max=    0.000 us
RC3       edits: 8000 sendInputCalls: 8000
RC3 [pop] mid-word        path=inline          barrier=spin   commit=0ns n=16000
RC3       desc: ddawjng -> dang-nang (d-bar + breve + nang; trailing ng re-typed)
RC3       EDIT  n=6000  E2E(t5) p50=  0.183 p99=   1.485 p99.9=    4.891 max=    7.768 us
RC3             t1(decision) p50= 0.078  t2(push/emit) p50=  0.183  t3(deq) p50=  0.000  t4(flush) p50=  0.000  t5(commit) p50=  0.000 us
RC3       PASS  n=10000 delivery(t2) p50=  0.128 p99=   0.233 max=   11.169 us | barrier p50=  0.000 max=    0.000 us
RC3       edits: 6000 sendInputCalls: 6000
RC3 [pop] mid-word        path=inline          barrier=hybrid commit=0ns n=16000
RC3       desc: ddawjng -> dang-nang (d-bar + breve + nang; trailing ng re-typed)
RC3       EDIT  n=6000  E2E(t5) p50=  0.183 p99=   1.583 p99.9=    4.514 max=    9.371 us
RC3             t1(decision) p50= 0.078  t2(push/emit) p50=  0.183  t3(deq) p50=  0.000  t4(flush) p50=  0.000  t5(commit) p50=  0.000 us
RC3       PASS  n=10000 delivery(t2) p50=  0.129 p99=   0.241 max=    8.541 us | barrier p50=  0.000 max=    0.000 us
RC3       edits: 6000 sendInputCalls: 6000
RC3 [pop] horn-compound   path=inline          barrier=spin   commit=0ns n=10000
RC3       desc: uows -> uo-horn + acute (horn compound + mark)
RC3       EDIT  n=4000  E2E(t5) p50=  0.238 p99=   1.876 p99.9=    4.539 max=    9.674 us
RC3             t1(decision) p50= 0.099  t2(push/emit) p50=  0.238  t3(deq) p50=  0.000  t4(flush) p50=  0.000  t5(commit) p50=  0.000 us
RC3       PASS  n=6000  delivery(t2) p50=  0.080 p99=   0.139 max=    8.712 us | barrier p50=  0.000 max=    0.000 us
RC3       edits: 4000 sendInputCalls: 4000
RC3 [pop] horn-compound   path=inline          barrier=hybrid commit=0ns n=10000
RC3       desc: uows -> uo-horn + acute (horn compound + mark)
RC3       EDIT  n=4000  E2E(t5) p50=  0.238 p99=   1.953 p99.9=    5.067 max=  707.809 us
RC3             t1(decision) p50= 0.100  t2(push/emit) p50=  0.238  t3(deq) p50=  0.000  t4(flush) p50=  0.000  t5(commit) p50=  0.000 us
RC3       PASS  n=6000  delivery(t2) p50=  0.080 p99=   0.150 max=    4.135 us | barrier p50=  0.000 max=    0.000 us
RC3       edits: 4000 sendInputCalls: 4000
RC3 [pop] heavy-word      path=inline          barrier=spin   commit=0ns n=16000
RC3       desc: dduowcj -> duoc (d-bar + horn + nang: the heaviest)
RC3       EDIT  n=6000  E2E(t5) p50=  0.224 p99=   2.419 p99.9=    5.272 max=   11.129 us
RC3             t1(decision) p50= 0.085  t2(push/emit) p50=  0.224  t3(deq) p50=  0.000  t4(flush) p50=  0.000  t5(commit) p50=  0.000 us
RC3       PASS  n=10000 delivery(t2) p50=  0.091 p99=   0.198 max=   12.915 us | barrier p50=  0.000 max=    0.000 us
RC3       edits: 6000 sendInputCalls: 6000
RC3 [pop] heavy-word      path=inline          barrier=hybrid commit=0ns n=16000
RC3       desc: dduowcj -> duoc (d-bar + horn + nang: the heaviest)
RC3       EDIT  n=6000  E2E(t5) p50=  0.223 p99=   2.291 p99.9=    5.122 max=   12.644 us
RC3             t1(decision) p50= 0.085  t2(push/emit) p50=  0.223  t3(deq) p50=  0.000  t4(flush) p50=  0.000  t5(commit) p50=  0.000 us
RC3       PASS  n=10000 delivery(t2) p50=  0.091 p99=   0.217 max=   11.305 us | barrier p50=  0.000 max=    0.000 us
RC3       edits: 6000 sendInputCalls: 6000
RC3 [pop] mixed           path=inline          barrier=spin   commit=0ns n=173
RC3       desc: mixed@150wpm
RC3       EDIT  n=25    E2E(t5) p50= 12.021 p99=  16.074 p99.9=   16.074 max=   18.215 us
RC3             t1(decision) p50= 5.886  t2(push/emit) p50= 12.021  t3(deq) p50=  0.000  t4(flush) p50=  0.000  t5(commit) p50=  0.000 us
RC3       PASS  n=148   delivery(t2) p50=  4.602 p99=   8.972 max=   14.116 us | barrier p50=  0.000 max=    0.000 us
RC3       edits: 25 sendInputCalls: 25
RC3 [pop] mixed           path=inline          barrier=hybrid commit=0ns n=173
RC3       desc: mixed@150wpm
RC3       EDIT  n=25    E2E(t5) p50= 13.832 p99=  17.015 p99.9=   17.015 max=   17.730 us
RC3             t1(decision) p50= 6.002  t2(push/emit) p50= 13.832  t3(deq) p50=  0.000  t4(flush) p50=  0.000  t5(commit) p50=  0.000 us
RC3       PASS  n=148   delivery(t2) p50=  4.945 p99=   9.642 max=   12.513 us | barrier p50=  0.000 max=    0.000 us
RC3       edits: 25 sendInputCalls: 25
RC3 [pop] mixed           path=inline          barrier=spin   commit=0ns n=173
RC3       desc: mixed@250wpm
RC3       EDIT  n=25    E2E(t5) p50= 11.994 p99=  15.054 p99.9=   15.054 max=   16.855 us
RC3             t1(decision) p50= 5.418  t2(push/emit) p50= 11.994  t3(deq) p50=  0.000  t4(flush) p50=  0.000  t5(commit) p50=  0.000 us
RC3       PASS  n=148   delivery(t2) p50=  3.936 p99=   9.145 max= 3841.100 us | barrier p50=  0.000 max=    0.000 us
RC3       edits: 25 sendInputCalls: 25
RC3 [pop] mixed           path=inline          barrier=hybrid commit=0ns n=173
RC3       desc: mixed@250wpm
RC3       EDIT  n=25    E2E(t5) p50= 11.037 p99=  14.549 p99.9=   14.549 max=   15.304 us
RC3             t1(decision) p50= 4.754  t2(push/emit) p50= 11.037  t3(deq) p50=  0.000  t4(flush) p50=  0.000  t5(commit) p50=  0.000 us
RC3       PASS  n=148   delivery(t2) p50=  3.853 p99=   9.078 max=   10.134 us | barrier p50=  0.000 max=    0.000 us
RC3       edits: 25 sendInputCalls: 25
RC4 [tone] KieeKey v1.2.0 Stable — tone-population latency benchmark
RC4 [tone] mixed pace(s)=150,250 reps=1 (--fast for one pace/one rep, --full for the exhaustive matrix)
RC4 [tone] composition validation: 8 populations OK
RC4 [pop] tone-append     path=inline          barrier=spin   commit=0ns n=6000
RC4       desc: as -> a-acute (1 tone key = 1 edit)
RC4       EDIT  n=2000  E2E(t5) p50=  0.168 p99=   2.068 p99.9=   11.355 max=   20.745 us
RC4             t1(decision) p50= 0.064  t2(push/emit) p50=  0.168  t3(deq) p50=  0.000  t4(flush) p50=  0.000  t5(commit) p50=  0.000 us
RC4       PASS  n=4000  delivery(t2) p50=  0.090 p99=   0.158 max=   15.093 us | barrier p50=  0.000 max=    0.000 us
RC4       edits: 2000 sendInputCalls: 2000
RC4 [pop] tone-append     path=inline          barrier=hybrid commit=0ns n=6000
RC4       desc: as -> a-acute (1 tone key = 1 edit)
RC4       EDIT  n=2000  E2E(t5) p50=  0.168 p99=   1.889 p99.9=    5.763 max=   19.485 us
RC4             t1(decision) p50= 0.064  t2(push/emit) p50=  0.168  t3(deq) p50=  0.000  t4(flush) p50=  0.000  t5(commit) p50=  0.000 us
RC4       PASS  n=4000  delivery(t2) p50=  0.090 p99=   0.116 max=    5.965 us | barrier p50=  0.000 max=    0.000 us
RC4       edits: 2000 sendInputCalls: 2000
RC4 [pop] dbar            path=inline          barrier=spin   commit=0ns n=6000
RC4       desc: dd -> d-stroke (d-bar edit)
RC4       EDIT  n=2000  E2E(t5) p50=  0.161 p99=   1.577 p99.9=    7.175 max=   34.145 us
RC4             t1(decision) p50= 0.057  t2(push/emit) p50=  0.161  t3(deq) p50=  0.000  t4(flush) p50=  0.000  t5(commit) p50=  0.000 us
RC4       PASS  n=4000  delivery(t2) p50=  0.088 p99=   0.099 max=   10.845 us | barrier p50=  0.000 max=    0.000 us
RC4       edits: 2000 sendInputCalls: 2000
RC4 [pop] dbar            path=inline          barrier=hybrid commit=0ns n=6000
RC4       desc: dd -> d-stroke (d-bar edit)
RC4       EDIT  n=2000  E2E(t5) p50=  0.161 p99=   1.997 p99.9=    4.908 max=   13.595 us
RC4             t1(decision) p50= 0.057  t2(push/emit) p50=  0.161  t3(deq) p50=  0.000  t4(flush) p50=  0.000  t5(commit) p50=  0.000 us
RC4       PASS  n=4000  delivery(t2) p50=  0.090 p99=   0.100 max=   12.561 us | barrier p50=  0.000 max=    0.000 us
RC4       edits: 2000 sendInputCalls: 2000
RC4 [pop] reposition      path=inline          barrier=spin   commit=0ns n=8000
RC4       desc: asa -> a-circumflex-acute (sac reposition)
RC4       EDIT  n=4000  E2E(t5) p50=  0.171 p99=   1.555 p99.9=    4.930 max=  108.042 us
RC4             t1(decision) p50= 0.066  t2(push/emit) p50=  0.171  t3(deq) p50=  0.000  t4(flush) p50=  0.000  t5(commit) p50=  0.000 us
RC4       PASS  n=4000  delivery(t2) p50=  0.095 p99=   0.126 max=   11.679 us | barrier p50=  0.000 max=    0.000 us
RC4       edits: 4000 sendInputCalls: 4000
RC4 [pop] reposition      path=inline          barrier=hybrid commit=0ns n=8000
RC4       desc: asa -> a-circumflex-acute (sac reposition)
RC4       EDIT  n=4000  E2E(t5) p50=  0.170 p99=   1.514 p99.9=    5.150 max=   15.132 us
RC4             t1(decision) p50= 0.066  t2(push/emit) p50=  0.170  t3(deq) p50=  0.000  t4(flush) p50=  0.000  t5(commit) p50=  0.000 us
RC4       PASS  n=4000  delivery(t2) p50=  0.093 p99=   0.104 max=    5.981 us | barrier p50=  0.000 max=    0.000 us
RC4       edits: 4000 sendInputCalls: 4000
RC4 [pop] restore-reissue path=inline          barrier=spin   commit=0ns n=10000
RC4       desc: asas -> Restore chain: 2 edits + Restore-reissue + space-Restore-reissue
RC4       EDIT  n=8000  E2E(t5) p50=  0.173 p99=   1.833 p99.9=    8.873 max=  191.903 us
RC4             t1(decision) p50= 0.069  t2(push/emit) p50=  0.173  t3(deq) p50=  0.000  t4(flush) p50=  0.000  t5(commit) p50=  0.000 us
RC4       PASS  n=2000  delivery(t2) p50=  0.080 p99=   0.108 max=    0.629 us | barrier p50=  0.000 max=    0.000 us
RC4       edits: 8000 sendInputCalls: 8000
RC4 [pop] restore-reissue path=inline          barrier=hybrid commit=0ns n=10000
RC4       desc: asas -> Restore chain: 2 edits + Restore-reissue + space-Restore-reissue
RC4       EDIT  n=8000  E2E(t5) p50=  0.174 p99=   1.915 p99.9=    6.218 max=   11.887 us
RC4             t1(decision) p50= 0.070  t2(push/emit) p50=  0.174  t3(deq) p50=  0.000  t4(flush) p50=  0.000  t5(commit) p50=  0.000 us
RC4       PASS  n=2000  delivery(t2) p50=  0.080 p99=   0.131 max=   12.746 us | barrier p50=  0.000 max=    0.000 us
RC4       edits: 8000 sendInputCalls: 8000
RC4 [pop] double-tone     path=inline          barrier=spin   commit=0ns n=12000
RC4       desc: oasas -> double-tone family + Restore chain
RC4       EDIT  n=8000  E2E(t5) p50=  0.261 p99=   2.362 p99.9=    6.439 max=  408.659 us
RC4             t1(decision) p50= 0.122  t2(push/emit) p50=  0.261  t3(deq) p50=  0.000  t4(flush) p50=  0.000  t5(commit) p50=  0.000 us
RC4       PASS  n=4000  delivery(t2) p50=  0.079 p99=   0.120 max=    3.276 us | barrier p50=  0.000 max=    0.000 us
RC4       edits: 8000 sendInputCalls: 8000
RC4 [pop] double-tone     path=inline          barrier=hybrid commit=0ns n=12000
RC4       desc: oasas -> double-tone family + Restore chain
RC4       EDIT  n=8000  E2E(t5) p50=  0.260 p99=   2.285 p99.9=    5.763 max=   11.674 us
RC4             t1(decision) p50= 0.122  t2(push/emit) p50=  0.260  t3(deq) p50=  0.000  t4(flush) p50=  0.000  t5(commit) p50=  0.000 us
RC4       PASS  n=4000  delivery(t2) p50=  0.079 p99=   0.110 max=    2.200 us | barrier p50=  0.000 max=    0.000 us
RC4       edits: 8000 sendInputCalls: 8000
RC4 [pop] mid-word        path=inline          barrier=spin   commit=0ns n=16000
RC4       desc: ddawjng -> dang-nang (d-bar + breve + nang; trailing ng re-typed)
RC4       EDIT  n=6000  E2E(t5) p50=  0.183 p99=   1.433 p99.9=    4.660 max=    7.610 us
RC4             t1(decision) p50= 0.078  t2(push/emit) p50=  0.183  t3(deq) p50=  0.000  t4(flush) p50=  0.000  t5(commit) p50=  0.000 us
RC4       PASS  n=10000 delivery(t2) p50=  0.130 p99=   0.215 max=   10.435 us | barrier p50=  0.000 max=    0.000 us
RC4       edits: 6000 sendInputCalls: 6000
RC4 [pop] mid-word        path=inline          barrier=hybrid commit=0ns n=16000
RC4       desc: ddawjng -> dang-nang (d-bar + breve + nang; trailing ng re-typed)
RC4       EDIT  n=6000  E2E(t5) p50=  0.183 p99=   1.447 p99.9=    5.344 max=    9.176 us
RC4             t1(decision) p50= 0.078  t2(push/emit) p50=  0.183  t3(deq) p50=  0.000  t4(flush) p50=  0.000  t5(commit) p50=  0.000 us
RC4       PASS  n=10000 delivery(t2) p50=  0.129 p99=   0.232 max=   10.928 us | barrier p50=  0.000 max=    0.000 us
RC4       edits: 6000 sendInputCalls: 6000
RC4 [pop] horn-compound   path=inline          barrier=spin   commit=0ns n=10000
RC4       desc: uows -> uo-horn + acute (horn compound + mark)
RC4       EDIT  n=4000  E2E(t5) p50=  0.238 p99=   1.478 p99.9=    4.678 max=    9.157 us
RC4             t1(decision) p50= 0.099  t2(push/emit) p50=  0.238  t3(deq) p50=  0.000  t4(flush) p50=  0.000  t5(commit) p50=  0.000 us
RC4       PASS  n=6000  delivery(t2) p50=  0.080 p99=   0.127 max=    5.437 us | barrier p50=  0.000 max=    0.000 us
RC4       edits: 4000 sendInputCalls: 4000
RC4 [pop] horn-compound   path=inline          barrier=hybrid commit=0ns n=10000
RC4       desc: uows -> uo-horn + acute (horn compound + mark)
RC4       EDIT  n=4000  E2E(t5) p50=  0.240 p99=   1.542 p99.9=    3.048 max=  659.556 us
RC4             t1(decision) p50= 0.102  t2(push/emit) p50=  0.240  t3(deq) p50=  0.000  t4(flush) p50=  0.000  t5(commit) p50=  0.000 us
RC4       PASS  n=6000  delivery(t2) p50=  0.080 p99=   0.165 max=    0.888 us | barrier p50=  0.000 max=    0.000 us
RC4       edits: 4000 sendInputCalls: 4000
RC4 [pop] heavy-word      path=inline          barrier=spin   commit=0ns n=16000
RC4       desc: dduowcj -> duoc (d-bar + horn + nang: the heaviest)
RC4       EDIT  n=6000  E2E(t5) p50=  0.224 p99=   1.707 p99.9=    5.018 max=   13.477 us
RC4             t1(decision) p50= 0.085  t2(push/emit) p50=  0.224  t3(deq) p50=  0.000  t4(flush) p50=  0.000  t5(commit) p50=  0.000 us
RC4       PASS  n=10000 delivery(t2) p50=  0.091 p99=   0.196 max=    7.558 us | barrier p50=  0.000 max=    0.000 us
RC4       edits: 6000 sendInputCalls: 6000
RC4 [pop] heavy-word      path=inline          barrier=hybrid commit=0ns n=16000
RC4       desc: dduowcj -> duoc (d-bar + horn + nang: the heaviest)
RC4       EDIT  n=6000  E2E(t5) p50=  0.224 p99=   1.923 p99.9=    5.384 max=   16.506 us
RC4             t1(decision) p50= 0.085  t2(push/emit) p50=  0.224  t3(deq) p50=  0.000  t4(flush) p50=  0.000  t5(commit) p50=  0.000 us
RC4       PASS  n=10000 delivery(t2) p50=  0.091 p99=   0.198 max=    6.823 us | barrier p50=  0.000 max=    0.000 us
RC4       edits: 6000 sendInputCalls: 6000
RC4 [pop] mixed           path=inline          barrier=spin   commit=0ns n=173
RC4       desc: mixed@150wpm
RC4       EDIT  n=25    E2E(t5) p50= 13.230 p99=  18.195 p99.9=   18.195 max=   26.021 us
RC4             t1(decision) p50= 6.398  t2(push/emit) p50= 13.230  t3(deq) p50=  0.000  t4(flush) p50=  0.000  t5(commit) p50=  0.000 us
RC4       PASS  n=148   delivery(t2) p50=  5.034 p99=  10.306 max=   13.915 us | barrier p50=  0.000 max=    0.000 us
RC4       edits: 25 sendInputCalls: 25
RC4 [pop] mixed           path=inline          barrier=hybrid commit=0ns n=173
RC4       desc: mixed@150wpm
RC4       EDIT  n=25    E2E(t5) p50= 14.439 p99=  22.106 p99.9=   22.106 max=   29.233 us
RC4             t1(decision) p50= 6.506  t2(push/emit) p50= 14.439  t3(deq) p50=  0.000  t4(flush) p50=  0.000  t5(commit) p50=  0.000 us
RC4       PASS  n=148   delivery(t2) p50=  4.913 p99=   9.874 max=   12.660 us | barrier p50=  0.000 max=    0.000 us
RC4       edits: 25 sendInputCalls: 25
RC4 [pop] mixed           path=inline          barrier=spin   commit=0ns n=173
RC4       desc: mixed@250wpm
RC4       EDIT  n=25    E2E(t5) p50= 12.271 p99=  16.368 p99.9=   16.368 max=   16.633 us
RC4             t1(decision) p50= 4.942  t2(push/emit) p50= 12.271  t3(deq) p50=  0.000  t4(flush) p50=  0.000  t5(commit) p50=  0.000 us
RC4       PASS  n=148   delivery(t2) p50=  3.334 p99=   9.053 max=    9.836 us | barrier p50=  0.000 max=    0.000 us
RC4       edits: 25 sendInputCalls: 25
RC4 [pop] mixed           path=inline          barrier=hybrid commit=0ns n=173
RC4       desc: mixed@250wpm
RC4       EDIT  n=25    E2E(t5) p50= 11.120 p99=  16.935 p99.9=   16.935 max=   17.073 us
RC4             t1(decision) p50= 5.073  t2(push/emit) p50= 11.120  t3(deq) p50=  0.000  t4(flush) p50=  0.000  t5(commit) p50=  0.000 us
RC4       PASS  n=148   delivery(t2) p50=  3.295 p99=   9.346 max=   12.898 us | barrier p50=  0.000 max=    0.000 us
RC4       edits: 25 sendInputCalls: 25
--- run 2
RC3 [tone] KieeKey v1.2.0 Stable — tone-population latency benchmark
RC3 [tone] mixed pace(s)=150,250 reps=1 (--fast for one pace/one rep, --full for the exhaustive matrix)
RC3 [tone] composition validation: 8 populations OK
RC3 [pop] tone-append     path=inline          barrier=spin   commit=0ns n=6000
RC3       desc: as -> a-acute (1 tone key = 1 edit)
RC3       EDIT  n=2000  E2E(t5) p50=  0.168 p99=   2.360 p99.9=    9.035 max=   20.307 us
RC3             t1(decision) p50= 0.064  t2(push/emit) p50=  0.168  t3(deq) p50=  0.000  t4(flush) p50=  0.000  t5(commit) p50=  0.000 us
RC3       PASS  n=4000  delivery(t2) p50=  0.088 p99=   0.098 max=    4.310 us | barrier p50=  0.000 max=    0.000 us
RC3       edits: 2000 sendInputCalls: 2000
RC3 [pop] tone-append     path=inline          barrier=hybrid commit=0ns n=6000
RC3       desc: as -> a-acute (1 tone key = 1 edit)
RC3       EDIT  n=2000  E2E(t5) p50=  0.168 p99=   1.574 p99.9=    5.221 max=   13.259 us
RC3             t1(decision) p50= 0.064  t2(push/emit) p50=  0.168  t3(deq) p50=  0.000  t4(flush) p50=  0.000  t5(commit) p50=  0.000 us
RC3       PASS  n=4000  delivery(t2) p50=  0.089 p99=   0.115 max=    3.327 us | barrier p50=  0.000 max=    0.000 us
RC3       edits: 2000 sendInputCalls: 2000
RC3 [pop] dbar            path=inline          barrier=spin   commit=0ns n=6000
RC3       desc: dd -> d-stroke (d-bar edit)
RC3       EDIT  n=2000  E2E(t5) p50=  0.161 p99=   1.443 p99.9=    3.461 max=   34.913 us
RC3             t1(decision) p50= 0.057  t2(push/emit) p50=  0.161  t3(deq) p50=  0.000  t4(flush) p50=  0.000  t5(commit) p50=  0.000 us
RC3       PASS  n=4000  delivery(t2) p50=  0.089 p99=   0.111 max=    8.863 us | barrier p50=  0.000 max=    0.000 us
RC3       edits: 2000 sendInputCalls: 2000
RC3 [pop] dbar            path=inline          barrier=hybrid commit=0ns n=6000
RC3       desc: dd -> d-stroke (d-bar edit)
RC3       EDIT  n=2000  E2E(t5) p50=  0.161 p99=   2.287 p99.9=    5.018 max=    6.376 us
RC3             t1(decision) p50= 0.057  t2(push/emit) p50=  0.161  t3(deq) p50=  0.000  t4(flush) p50=  0.000  t5(commit) p50=  0.000 us
RC3       PASS  n=4000  delivery(t2) p50=  0.089 p99=   0.106 max=   12.321 us | barrier p50=  0.000 max=    0.000 us
RC3       edits: 2000 sendInputCalls: 2000
RC3 [pop] reposition      path=inline          barrier=spin   commit=0ns n=8000
RC3       desc: asa -> a-circumflex-acute (sac reposition)
RC3       EDIT  n=4000  E2E(t5) p50=  0.170 p99=   1.436 p99.9=    4.994 max=  119.780 us
RC3             t1(decision) p50= 0.066  t2(push/emit) p50=  0.170  t3(deq) p50=  0.000  t4(flush) p50=  0.000  t5(commit) p50=  0.000 us
RC3       PASS  n=4000  delivery(t2) p50=  0.094 p99=   0.119 max=    9.303 us | barrier p50=  0.000 max=    0.000 us
RC3       edits: 4000 sendInputCalls: 4000
RC3 [pop] reposition      path=inline          barrier=hybrid commit=0ns n=8000
RC3       desc: asa -> a-circumflex-acute (sac reposition)
RC3       EDIT  n=4000  E2E(t5) p50=  0.170 p99=   1.624 p99.9=    4.889 max=   10.564 us
RC3             t1(decision) p50= 0.066  t2(push/emit) p50=  0.170  t3(deq) p50=  0.000  t4(flush) p50=  0.000  t5(commit) p50=  0.000 us
RC3       PASS  n=4000  delivery(t2) p50=  0.095 p99=   0.117 max=    0.885 us | barrier p50=  0.000 max=    0.000 us
RC3       edits: 4000 sendInputCalls: 4000
RC3 [pop] restore-reissue path=inline          barrier=spin   commit=0ns n=10000
RC3       desc: asas -> Restore chain: 2 edits + Restore-reissue + space-Restore-reissue
RC3       EDIT  n=8000  E2E(t5) p50=  0.173 p99=   1.764 p99.9=    7.663 max=  182.087 us
RC3             t1(decision) p50= 0.069  t2(push/emit) p50=  0.173  t3(deq) p50=  0.000  t4(flush) p50=  0.000  t5(commit) p50=  0.000 us
RC3       PASS  n=2000  delivery(t2) p50=  0.080 p99=   0.122 max=    3.345 us | barrier p50=  0.000 max=    0.000 us
RC3       edits: 8000 sendInputCalls: 8000
RC3 [pop] restore-reissue path=inline          barrier=hybrid commit=0ns n=10000
RC3       desc: asas -> Restore chain: 2 edits + Restore-reissue + space-Restore-reissue
RC3       EDIT  n=8000  E2E(t5) p50=  0.173 p99=   1.814 p99.9=    5.603 max=   14.326 us
RC3             t1(decision) p50= 0.069  t2(push/emit) p50=  0.173  t3(deq) p50=  0.000  t4(flush) p50=  0.000  t5(commit) p50=  0.000 us
RC3       PASS  n=2000  delivery(t2) p50=  0.080 p99=   0.128 max=   12.754 us | barrier p50=  0.000 max=    0.000 us
RC3       edits: 8000 sendInputCalls: 8000
RC3 [pop] double-tone     path=inline          barrier=spin   commit=0ns n=12000
RC3       desc: oasas -> double-tone family + Restore chain
RC3       EDIT  n=8000  E2E(t5) p50=  0.260 p99=   2.318 p99.9=    8.592 max=  357.304 us
RC3             t1(decision) p50= 0.122  t2(push/emit) p50=  0.260  t3(deq) p50=  0.000  t4(flush) p50=  0.000  t5(commit) p50=  0.000 us
RC3       PASS  n=4000  delivery(t2) p50=  0.079 p99=   0.126 max=   11.762 us | barrier p50=  0.000 max=    0.000 us
RC3       edits: 8000 sendInputCalls: 8000
RC3 [pop] double-tone     path=inline          barrier=hybrid commit=0ns n=12000
RC3       desc: oasas -> double-tone family + Restore chain
RC3       EDIT  n=8000  E2E(t5) p50=  0.260 p99=   2.399 p99.9=    5.887 max=   11.775 us
RC3             t1(decision) p50= 0.122  t2(push/emit) p50=  0.260  t3(deq) p50=  0.000  t4(flush) p50=  0.000  t5(commit) p50=  0.000 us
RC3       PASS  n=4000  delivery(t2) p50=  0.079 p99=   0.121 max=    9.988 us | barrier p50=  0.000 max=    0.000 us
RC3       edits: 8000 sendInputCalls: 8000
RC3 [pop] mid-word        path=inline          barrier=spin   commit=0ns n=16000
RC3       desc: ddawjng -> dang-nang (d-bar + breve + nang; trailing ng re-typed)
RC3       EDIT  n=6000  E2E(t5) p50=  0.183 p99=   1.533 p99.9=    5.854 max=   14.277 us
RC3             t1(decision) p50= 0.078  t2(push/emit) p50=  0.183  t3(deq) p50=  0.000  t4(flush) p50=  0.000  t5(commit) p50=  0.000 us
RC3       PASS  n=10000 delivery(t2) p50=  0.128 p99=   0.229 max=    9.723 us | barrier p50=  0.000 max=    0.000 us
RC3       edits: 6000 sendInputCalls: 6000
RC3 [pop] mid-word        path=inline          barrier=hybrid commit=0ns n=16000
RC3       desc: ddawjng -> dang-nang (d-bar + breve + nang; trailing ng re-typed)
RC3       EDIT  n=6000  E2E(t5) p50=  0.183 p99=   1.626 p99.9=    4.392 max=    8.829 us
RC3             t1(decision) p50= 0.078  t2(push/emit) p50=  0.183  t3(deq) p50=  0.000  t4(flush) p50=  0.000  t5(commit) p50=  0.000 us
RC3       PASS  n=10000 delivery(t2) p50=  0.129 p99=   0.242 max=    9.869 us | barrier p50=  0.000 max=    0.000 us
RC3       edits: 6000 sendInputCalls: 6000
RC3 [pop] horn-compound   path=inline          barrier=spin   commit=0ns n=10000
RC3       desc: uows -> uo-horn + acute (horn compound + mark)
RC3       EDIT  n=4000  E2E(t5) p50=  0.295 p99=   1.933 p99.9=    5.580 max=   10.048 us
RC3             t1(decision) p50= 0.127  t2(push/emit) p50=  0.295  t3(deq) p50=  0.000  t4(flush) p50=  0.000  t5(commit) p50=  0.000 us
RC3       PASS  n=6000  delivery(t2) p50=  0.103 p99=   0.183 max=   11.414 us | barrier p50=  0.000 max=    0.000 us
RC3       edits: 4000 sendInputCalls: 4000
RC3 [pop] horn-compound   path=inline          barrier=hybrid commit=0ns n=10000
RC3       desc: uows -> uo-horn + acute (horn compound + mark)
RC3       EDIT  n=4000  E2E(t5) p50=  0.238 p99=   2.064 p99.9=    8.403 max=  757.411 us
RC3             t1(decision) p50= 0.100  t2(push/emit) p50=  0.238  t3(deq) p50=  0.000  t4(flush) p50=  0.000  t5(commit) p50=  0.000 us
RC3       PASS  n=6000  delivery(t2) p50=  0.080 p99=   0.155 max=    3.768 us | barrier p50=  0.000 max=    0.000 us
RC3       edits: 4000 sendInputCalls: 4000
RC3 [pop] heavy-word      path=inline          barrier=spin   commit=0ns n=16000
RC3       desc: dduowcj -> duoc (d-bar + horn + nang: the heaviest)
RC3       EDIT  n=6000  E2E(t5) p50=  0.224 p99=   2.306 p99.9=    5.731 max=   16.762 us
RC3             t1(decision) p50= 0.085  t2(push/emit) p50=  0.224  t3(deq) p50=  0.000  t4(flush) p50=  0.000  t5(commit) p50=  0.000 us
RC3       PASS  n=10000 delivery(t2) p50=  0.091 p99=   0.219 max=    8.133 us | barrier p50=  0.000 max=    0.000 us
RC3       edits: 6000 sendInputCalls: 6000
RC3 [pop] heavy-word      path=inline          barrier=hybrid commit=0ns n=16000
RC3       desc: dduowcj -> duoc (d-bar + horn + nang: the heaviest)
RC3       EDIT  n=6000  E2E(t5) p50=  0.224 p99=   2.242 p99.9=    5.354 max=   10.706 us
RC3             t1(decision) p50= 0.086  t2(push/emit) p50=  0.224  t3(deq) p50=  0.000  t4(flush) p50=  0.000  t5(commit) p50=  0.000 us
RC3       PASS  n=10000 delivery(t2) p50=  0.091 p99=   0.245 max=    7.164 us | barrier p50=  0.000 max=    0.000 us
RC3       edits: 6000 sendInputCalls: 6000
RC3 [pop] mixed           path=inline          barrier=spin   commit=0ns n=173
RC3       desc: mixed@150wpm
RC3       EDIT  n=25    E2E(t5) p50= 11.792 p99=  16.062 p99.9=   16.062 max=   18.247 us
RC3             t1(decision) p50= 6.259  t2(push/emit) p50= 11.792  t3(deq) p50=  0.000  t4(flush) p50=  0.000  t5(commit) p50=  0.000 us
RC3       PASS  n=148   delivery(t2) p50=  5.129 p99=   9.962 max=   12.795 us | barrier p50=  0.000 max=    0.000 us
RC3       edits: 25 sendInputCalls: 25
RC3 [pop] mixed           path=inline          barrier=hybrid commit=0ns n=173
RC3       desc: mixed@150wpm
RC3       EDIT  n=25    E2E(t5) p50= 14.135 p99=  18.271 p99.9=   18.271 max=   19.402 us
RC3             t1(decision) p50= 6.957  t2(push/emit) p50= 14.135  t3(deq) p50=  0.000  t4(flush) p50=  0.000  t5(commit) p50=  0.000 us
RC3       PASS  n=148   delivery(t2) p50=  5.133 p99=  11.849 max=   12.775 us | barrier p50=  0.000 max=    0.000 us
RC3       edits: 25 sendInputCalls: 25
RC3 [pop] mixed           path=inline          barrier=spin   commit=0ns n=173
RC3       desc: mixed@250wpm
RC3       EDIT  n=25    E2E(t5) p50= 12.421 p99=  16.527 p99.9=   16.527 max=   16.778 us
RC3             t1(decision) p50= 5.611  t2(push/emit) p50= 12.421  t3(deq) p50=  0.000  t4(flush) p50=  0.000  t5(commit) p50=  0.000 us
RC3       PASS  n=148   delivery(t2) p50=  3.869 p99=  10.632 max=   11.953 us | barrier p50=  0.000 max=    0.000 us
RC3       edits: 25 sendInputCalls: 25
RC3 [pop] mixed           path=inline          barrier=hybrid commit=0ns n=173
RC3       desc: mixed@250wpm
RC3       EDIT  n=25    E2E(t5) p50= 12.179 p99=  21.187 p99.9=   21.187 max=  753.643 us
RC3             t1(decision) p50= 5.417  t2(push/emit) p50= 12.179  t3(deq) p50=  0.000  t4(flush) p50=  0.000  t5(commit) p50=  0.000 us
RC3       PASS  n=148   delivery(t2) p50=  4.328 p99=   9.840 max=   14.665 us | barrier p50=  0.000 max=    0.000 us
RC3       edits: 25 sendInputCalls: 25
RC4 [tone] KieeKey v1.2.0 Stable — tone-population latency benchmark
RC4 [tone] mixed pace(s)=150,250 reps=1 (--fast for one pace/one rep, --full for the exhaustive matrix)
RC4 [tone] composition validation: 8 populations OK
RC4 [pop] tone-append     path=inline          barrier=spin   commit=0ns n=6000
RC4       desc: as -> a-acute (1 tone key = 1 edit)
RC4       EDIT  n=2000  E2E(t5) p50=  0.168 p99=   1.946 p99.9=    8.136 max=   16.699 us
RC4             t1(decision) p50= 0.064  t2(push/emit) p50=  0.168  t3(deq) p50=  0.000  t4(flush) p50=  0.000  t5(commit) p50=  0.000 us
RC4       PASS  n=4000  delivery(t2) p50=  0.090 p99=   0.207 max=   21.246 us | barrier p50=  0.000 max=    0.000 us
RC4       edits: 2000 sendInputCalls: 2000
RC4 [pop] tone-append     path=inline          barrier=hybrid commit=0ns n=6000
RC4       desc: as -> a-acute (1 tone key = 1 edit)
RC4       EDIT  n=2000  E2E(t5) p50=  0.168 p99=   1.881 p99.9=    8.981 max=   31.896 us
RC4             t1(decision) p50= 0.064  t2(push/emit) p50=  0.168  t3(deq) p50=  0.000  t4(flush) p50=  0.000  t5(commit) p50=  0.000 us
RC4       PASS  n=4000  delivery(t2) p50=  0.089 p99=   0.115 max=    3.282 us | barrier p50=  0.000 max=    0.000 us
RC4       edits: 2000 sendInputCalls: 2000
RC4 [pop] dbar            path=inline          barrier=spin   commit=0ns n=6000
RC4       desc: dd -> d-stroke (d-bar edit)
RC4       EDIT  n=2000  E2E(t5) p50=  0.162 p99=   1.644 p99.9=    3.573 max=   35.572 us
RC4             t1(decision) p50= 0.057  t2(push/emit) p50=  0.162  t3(deq) p50=  0.000  t4(flush) p50=  0.000  t5(commit) p50=  0.000 us
RC4       PASS  n=4000  delivery(t2) p50=  0.088 p99=   0.097 max=    6.945 us | barrier p50=  0.000 max=    0.000 us
RC4       edits: 2000 sendInputCalls: 2000
RC4 [pop] dbar            path=inline          barrier=hybrid commit=0ns n=6000
RC4       desc: dd -> d-stroke (d-bar edit)
RC4       EDIT  n=2000  E2E(t5) p50=  0.161 p99=   2.316 p99.9=    4.860 max=    5.486 us
RC4             t1(decision) p50= 0.057  t2(push/emit) p50=  0.161  t3(deq) p50=  0.000  t4(flush) p50=  0.000  t5(commit) p50=  0.000 us
RC4       PASS  n=4000  delivery(t2) p50=  0.090 p99=   0.105 max=   14.750 us | barrier p50=  0.000 max=    0.000 us
RC4       edits: 2000 sendInputCalls: 2000
RC4 [pop] reposition      path=inline          barrier=spin   commit=0ns n=8000
RC4       desc: asa -> a-circumflex-acute (sac reposition)
RC4       EDIT  n=4000  E2E(t5) p50=  0.171 p99=   1.691 p99.9=    6.027 max=  106.745 us
RC4             t1(decision) p50= 0.067  t2(push/emit) p50=  0.171  t3(deq) p50=  0.000  t4(flush) p50=  0.000  t5(commit) p50=  0.000 us
RC4       PASS  n=4000  delivery(t2) p50=  0.095 p99=   0.152 max=    2.551 us | barrier p50=  0.000 max=    0.000 us
RC4       edits: 4000 sendInputCalls: 4000
RC4 [pop] reposition      path=inline          barrier=hybrid commit=0ns n=8000
RC4       desc: asa -> a-circumflex-acute (sac reposition)
RC4       EDIT  n=4000  E2E(t5) p50=  0.170 p99=   1.619 p99.9=    5.415 max=   16.296 us
RC4             t1(decision) p50= 0.066  t2(push/emit) p50=  0.170  t3(deq) p50=  0.000  t4(flush) p50=  0.000  t5(commit) p50=  0.000 us
RC4       PASS  n=4000  delivery(t2) p50=  0.093 p99=   0.111 max=    1.120 us | barrier p50=  0.000 max=    0.000 us
RC4       edits: 4000 sendInputCalls: 4000
RC4 [pop] restore-reissue path=inline          barrier=spin   commit=0ns n=10000
RC4       desc: asas -> Restore chain: 2 edits + Restore-reissue + space-Restore-reissue
RC4       EDIT  n=8000  E2E(t5) p50=  0.174 p99=   1.969 p99.9=    6.881 max=  222.606 us
RC4             t1(decision) p50= 0.069  t2(push/emit) p50=  0.174  t3(deq) p50=  0.000  t4(flush) p50=  0.000  t5(commit) p50=  0.000 us
RC4       PASS  n=2000  delivery(t2) p50=  0.080 p99=   0.151 max=    4.610 us | barrier p50=  0.000 max=    0.000 us
RC4       edits: 8000 sendInputCalls: 8000
RC4 [pop] restore-reissue path=inline          barrier=hybrid commit=0ns n=10000
RC4       desc: asas -> Restore chain: 2 edits + Restore-reissue + space-Restore-reissue
RC4       EDIT  n=8000  E2E(t5) p50=  0.173 p99=   1.989 p99.9=    8.537 max=   14.093 us
RC4             t1(decision) p50= 0.069  t2(push/emit) p50=  0.173  t3(deq) p50=  0.000  t4(flush) p50=  0.000  t5(commit) p50=  0.000 us
RC4       PASS  n=2000  delivery(t2) p50=  0.080 p99=   0.134 max=    0.682 us | barrier p50=  0.000 max=    0.000 us
RC4       edits: 8000 sendInputCalls: 8000
RC4 [pop] double-tone     path=inline          barrier=spin   commit=0ns n=12000
RC4       desc: oasas -> double-tone family + Restore chain
RC4       EDIT  n=8000  E2E(t5) p50=  0.261 p99=   2.161 p99.9=    9.492 max=  418.322 us
RC4             t1(decision) p50= 0.122  t2(push/emit) p50=  0.261  t3(deq) p50=  0.000  t4(flush) p50=  0.000  t5(commit) p50=  0.000 us
RC4       PASS  n=4000  delivery(t2) p50=  0.079 p99=   0.137 max=    3.467 us | barrier p50=  0.000 max=    0.000 us
RC4       edits: 8000 sendInputCalls: 8000
RC4 [pop] double-tone     path=inline          barrier=hybrid commit=0ns n=12000
RC4       desc: oasas -> double-tone family + Restore chain
RC4       EDIT  n=8000  E2E(t5) p50=  0.260 p99=   2.088 p99.9=    7.155 max=   12.055 us
RC4             t1(decision) p50= 0.121  t2(push/emit) p50=  0.260  t3(deq) p50=  0.000  t4(flush) p50=  0.000  t5(commit) p50=  0.000 us
RC4       PASS  n=4000  delivery(t2) p50=  0.079 p99=   0.109 max=    7.197 us | barrier p50=  0.000 max=    0.000 us
RC4       edits: 8000 sendInputCalls: 8000
RC4 [pop] mid-word        path=inline          barrier=spin   commit=0ns n=16000
RC4       desc: ddawjng -> dang-nang (d-bar + breve + nang; trailing ng re-typed)
RC4       EDIT  n=6000  E2E(t5) p50=  0.183 p99=   1.549 p99.9=    3.106 max=   11.406 us
RC4             t1(decision) p50= 0.078  t2(push/emit) p50=  0.183  t3(deq) p50=  0.000  t4(flush) p50=  0.000  t5(commit) p50=  0.000 us
RC4       PASS  n=10000 delivery(t2) p50=  0.130 p99=   0.251 max=   11.451 us | barrier p50=  0.000 max=    0.000 us
RC4       edits: 6000 sendInputCalls: 6000
RC4 [pop] mid-word        path=inline          barrier=hybrid commit=0ns n=16000
RC4       desc: ddawjng -> dang-nang (d-bar + breve + nang; trailing ng re-typed)
RC4       EDIT  n=6000  E2E(t5) p50=  0.183 p99=   1.492 p99.9=    3.977 max=    7.916 us
RC4             t1(decision) p50= 0.078  t2(push/emit) p50=  0.183  t3(deq) p50=  0.000  t4(flush) p50=  0.000  t5(commit) p50=  0.000 us
RC4       PASS  n=10000 delivery(t2) p50=  0.129 p99=   0.241 max=   12.348 us | barrier p50=  0.000 max=    0.000 us
RC4       edits: 6000 sendInputCalls: 6000
RC4 [pop] horn-compound   path=inline          barrier=spin   commit=0ns n=10000
RC4       desc: uows -> uo-horn + acute (horn compound + mark)
RC4       EDIT  n=4000  E2E(t5) p50=  0.237 p99=   1.505 p99.9=    5.715 max=   10.799 us
RC4             t1(decision) p50= 0.099  t2(push/emit) p50=  0.237  t3(deq) p50=  0.000  t4(flush) p50=  0.000  t5(commit) p50=  0.000 us
RC4       PASS  n=6000  delivery(t2) p50=  0.080 p99=   0.139 max=    1.351 us | barrier p50=  0.000 max=    0.000 us
RC4       edits: 4000 sendInputCalls: 4000
RC4 [pop] horn-compound   path=inline          barrier=hybrid commit=0ns n=10000
RC4       desc: uows -> uo-horn + acute (horn compound + mark)
RC4       EDIT  n=4000  E2E(t5) p50=  0.237 p99=   1.540 p99.9=    4.977 max=  499.908 us
RC4             t1(decision) p50= 0.099  t2(push/emit) p50=  0.237  t3(deq) p50=  0.000  t4(flush) p50=  0.000  t5(commit) p50=  0.000 us
RC4       PASS  n=6000  delivery(t2) p50=  0.080 p99=   0.140 max=    6.361 us | barrier p50=  0.000 max=    0.000 us
RC4       edits: 4000 sendInputCalls: 4000
RC4 [pop] heavy-word      path=inline          barrier=spin   commit=0ns n=16000
RC4       desc: dduowcj -> duoc (d-bar + horn + nang: the heaviest)
RC4       EDIT  n=6000  E2E(t5) p50=  0.224 p99=   2.263 p99.9=    5.016 max=   12.748 us
RC4             t1(decision) p50= 0.085  t2(push/emit) p50=  0.224  t3(deq) p50=  0.000  t4(flush) p50=  0.000  t5(commit) p50=  0.000 us
RC4       PASS  n=10000 delivery(t2) p50=  0.091 p99=   0.197 max=    9.447 us | barrier p50=  0.000 max=    0.000 us
RC4       edits: 6000 sendInputCalls: 6000
RC4 [pop] heavy-word      path=inline          barrier=hybrid commit=0ns n=16000
RC4       desc: dduowcj -> duoc (d-bar + horn + nang: the heaviest)
RC4       EDIT  n=6000  E2E(t5) p50=  0.224 p99=   2.137 p99.9=    5.277 max=   16.500 us
RC4             t1(decision) p50= 0.085  t2(push/emit) p50=  0.224  t3(deq) p50=  0.000  t4(flush) p50=  0.000  t5(commit) p50=  0.000 us
RC4       PASS  n=10000 delivery(t2) p50=  0.091 p99=   0.226 max=   10.458 us | barrier p50=  0.000 max=    0.000 us
RC4       edits: 6000 sendInputCalls: 6000
RC4 [pop] mixed           path=inline          barrier=spin   commit=0ns n=173
RC4       desc: mixed@150wpm
RC4       EDIT  n=25    E2E(t5) p50= 14.151 p99=  22.162 p99.9=   22.162 max=  980.886 us
RC4             t1(decision) p50= 7.032  t2(push/emit) p50= 14.151  t3(deq) p50=  0.000  t4(flush) p50=  0.000  t5(commit) p50=  0.000 us
RC4       PASS  n=148   delivery(t2) p50=  4.767 p99=  10.128 max=   13.357 us | barrier p50=  0.000 max=    0.000 us
RC4       edits: 25 sendInputCalls: 25
RC4 [pop] mixed           path=inline          barrier=hybrid commit=0ns n=173
RC4       desc: mixed@150wpm
RC4       EDIT  n=25    E2E(t5) p50= 14.057 p99=  17.423 p99.9=   17.423 max=   18.361 us
RC4             t1(decision) p50= 6.538  t2(push/emit) p50= 14.057  t3(deq) p50=  0.000  t4(flush) p50=  0.000  t5(commit) p50=  0.000 us
RC4       PASS  n=148   delivery(t2) p50=  4.814 p99=  10.184 max=   11.042 us | barrier p50=  0.000 max=    0.000 us
RC4       edits: 25 sendInputCalls: 25
RC4 [pop] mixed           path=inline          barrier=spin   commit=0ns n=173
RC4       desc: mixed@250wpm
RC4       EDIT  n=25    E2E(t5) p50= 14.144 p99=  17.690 p99.9=   17.690 max=   18.192 us
RC4             t1(decision) p50= 6.007  t2(push/emit) p50= 14.144  t3(deq) p50=  0.000  t4(flush) p50=  0.000  t5(commit) p50=  0.000 us
RC4       PASS  n=148   delivery(t2) p50=  3.823 p99=   9.111 max=   10.453 us | barrier p50=  0.000 max=    0.000 us
RC4       edits: 25 sendInputCalls: 25
RC4 [pop] mixed           path=inline          barrier=hybrid commit=0ns n=173
RC4       desc: mixed@250wpm
RC4       EDIT  n=25    E2E(t5) p50= 13.469 p99=  19.271 p99.9=   19.271 max=   20.313 us
RC4             t1(decision) p50= 5.218  t2(push/emit) p50= 13.469  t3(deq) p50=  0.000  t4(flush) p50=  0.000  t5(commit) p50=  0.000 us
RC4       PASS  n=148   delivery(t2) p50=  3.678 p99=  10.112 max=   12.113 us | barrier p50=  0.000 max=    0.000 us
RC4       edits: 25 sendInputCalls: 25
--- run 3
RC3 [tone] KieeKey v1.2.0 Stable — tone-population latency benchmark
RC3 [tone] mixed pace(s)=150,250 reps=1 (--fast for one pace/one rep, --full for the exhaustive matrix)
RC3 [tone] composition validation: 8 populations OK
RC3 [pop] tone-append     path=inline          barrier=spin   commit=0ns n=6000
RC3       desc: as -> a-acute (1 tone key = 1 edit)
RC3       EDIT  n=2000  E2E(t5) p50=  0.236 p99=   3.698 p99.9=   12.520 max=   30.662 us
RC3             t1(decision) p50= 0.105  t2(push/emit) p50=  0.236  t3(deq) p50=  0.000  t4(flush) p50=  0.000  t5(commit) p50=  0.000 us
RC3       PASS  n=4000  delivery(t2) p50=  0.125 p99=   0.301 max=   27.769 us | barrier p50=  0.000 max=    0.000 us
RC3       edits: 2000 sendInputCalls: 2000
RC3 [pop] tone-append     path=inline          barrier=hybrid commit=0ns n=6000
RC3       desc: as -> a-acute (1 tone key = 1 edit)
RC3       EDIT  n=2000  E2E(t5) p50=  0.233 p99=   3.459 p99.9=   10.201 max=   47.460 us
RC3             t1(decision) p50= 0.105  t2(push/emit) p50=  0.233  t3(deq) p50=  0.000  t4(flush) p50=  0.000  t5(commit) p50=  0.000 us
RC3       PASS  n=4000  delivery(t2) p50=  0.126 p99=   0.227 max=   12.806 us | barrier p50=  0.000 max=    0.000 us
RC3       edits: 2000 sendInputCalls: 2000
RC3 [pop] dbar            path=inline          barrier=spin   commit=0ns n=6000
RC3       desc: dd -> d-stroke (d-bar edit)
RC3       EDIT  n=2000  E2E(t5) p50=  0.233 p99=   3.629 p99.9=   48.765 max=   60.295 us
RC3             t1(decision) p50= 0.095  t2(push/emit) p50=  0.233  t3(deq) p50=  0.000  t4(flush) p50=  0.000  t5(commit) p50=  0.000 us
RC3       PASS  n=4000  delivery(t2) p50=  0.133 p99=   0.308 max=   17.116 us | barrier p50=  0.000 max=    0.000 us
RC3       edits: 2000 sendInputCalls: 2000
RC3 [pop] dbar            path=inline          barrier=hybrid commit=0ns n=6000
RC3       desc: dd -> d-stroke (d-bar edit)
RC3       EDIT  n=2000  E2E(t5) p50=  0.223 p99=   3.667 p99.9=   11.548 max=   52.671 us
RC3             t1(decision) p50= 0.092  t2(push/emit) p50=  0.223  t3(deq) p50=  0.000  t4(flush) p50=  0.000  t5(commit) p50=  0.000 us
RC3       PASS  n=4000  delivery(t2) p50=  0.127 p99=   0.270 max=   26.915 us | barrier p50=  0.000 max=    0.000 us
RC3       edits: 2000 sendInputCalls: 2000
RC3 [pop] reposition      path=inline          barrier=spin   commit=0ns n=8000
RC3       desc: asa -> a-circumflex-acute (sac reposition)
RC3       EDIT  n=4000  E2E(t5) p50=  0.243 p99=   3.159 p99.9=   25.795 max=  138.488 us
RC3             t1(decision) p50= 0.111  t2(push/emit) p50=  0.243  t3(deq) p50=  0.000  t4(flush) p50=  0.000  t5(commit) p50=  0.000 us
RC3       PASS  n=4000  delivery(t2) p50=  0.135 p99=   0.307 max=   16.595 us | barrier p50=  0.000 max=    0.000 us
RC3       edits: 4000 sendInputCalls: 4000
RC3 [pop] reposition      path=inline          barrier=hybrid commit=0ns n=8000
RC3       desc: asa -> a-circumflex-acute (sac reposition)
RC3       EDIT  n=4000  E2E(t5) p50=  0.244 p99=   2.774 p99.9=    7.275 max=   65.000 us
RC3             t1(decision) p50= 0.111  t2(push/emit) p50=  0.244  t3(deq) p50=  0.000  t4(flush) p50=  0.000  t5(commit) p50=  0.000 us
RC3       PASS  n=4000  delivery(t2) p50=  0.135 p99=   0.310 max=   37.053 us | barrier p50=  0.000 max=    0.000 us
RC3       edits: 4000 sendInputCalls: 4000
RC3 [pop] restore-reissue path=inline          barrier=spin   commit=0ns n=10000
RC3       desc: asas -> Restore chain: 2 edits + Restore-reissue + space-Restore-reissue
RC3       EDIT  n=8000  E2E(t5) p50=  0.265 p99=   3.465 p99.9=   16.945 max=  256.599 us
RC3             t1(decision) p50= 0.132  t2(push/emit) p50=  0.265  t3(deq) p50=  0.000  t4(flush) p50=  0.000  t5(commit) p50=  0.000 us
RC3       PASS  n=2000  delivery(t2) p50=  0.128 p99=   0.308 max=   17.821 us | barrier p50=  0.000 max=    0.000 us
RC3       edits: 8000 sendInputCalls: 8000
RC3 [pop] restore-reissue path=inline          barrier=hybrid commit=0ns n=10000
RC3       desc: asas -> Restore chain: 2 edits + Restore-reissue + space-Restore-reissue
RC3       EDIT  n=8000  E2E(t5) p50=  0.259 p99=   3.558 p99.9=   13.615 max=   67.688 us
RC3             t1(decision) p50= 0.128  t2(push/emit) p50=  0.259  t3(deq) p50=  0.000  t4(flush) p50=  0.000  t5(commit) p50=  0.000 us
RC3       PASS  n=2000  delivery(t2) p50=  0.126 p99=   0.366 max=   14.796 us | barrier p50=  0.000 max=    0.000 us
RC3       edits: 8000 sendInputCalls: 8000
RC3 [pop] double-tone     path=inline          barrier=spin   commit=0ns n=12000
RC3       desc: oasas -> double-tone family + Restore chain
RC3       EDIT  n=8000  E2E(t5) p50=  0.393 p99=   4.125 p99.9=   18.311 max=  623.433 us
RC3             t1(decision) p50= 0.222  t2(push/emit) p50=  0.393  t3(deq) p50=  0.000  t4(flush) p50=  0.000  t5(commit) p50=  0.000 us
RC3       PASS  n=4000  delivery(t2) p50=  0.125 p99=   0.315 max=   12.132 us | barrier p50=  0.000 max=    0.000 us
RC3       edits: 8000 sendInputCalls: 8000
RC3 [pop] double-tone     path=inline          barrier=hybrid commit=0ns n=12000
RC3       desc: oasas -> double-tone family + Restore chain
RC3       EDIT  n=8000  E2E(t5) p50=  0.356 p99=   3.333 p99.9=    8.195 max=   21.803 us
RC3             t1(decision) p50= 0.187  t2(push/emit) p50=  0.356  t3(deq) p50=  0.000  t4(flush) p50=  0.000  t5(commit) p50=  0.000 us
RC3       PASS  n=4000  delivery(t2) p50=  0.084 p99=   0.220 max=    3.043 us | barrier p50=  0.000 max=    0.000 us
RC3       edits: 8000 sendInputCalls: 8000
RC3 [pop] mid-word        path=inline          barrier=spin   commit=0ns n=16000
RC3       desc: ddawjng -> dang-nang (d-bar + breve + nang; trailing ng re-typed)
RC3       EDIT  n=6000  E2E(t5) p50=  0.182 p99=   1.520 p99.9=    5.280 max=   11.482 us
RC3             t1(decision) p50= 0.078  t2(push/emit) p50=  0.182  t3(deq) p50=  0.000  t4(flush) p50=  0.000  t5(commit) p50=  0.000 us
RC3       PASS  n=10000 delivery(t2) p50=  0.129 p99=   0.232 max=   12.080 us | barrier p50=  0.000 max=    0.000 us
RC3       edits: 6000 sendInputCalls: 6000
RC3 [pop] mid-word        path=inline          barrier=hybrid commit=0ns n=16000
RC3       desc: ddawjng -> dang-nang (d-bar + breve + nang; trailing ng re-typed)
RC3       EDIT  n=6000  E2E(t5) p50=  0.182 p99=   1.657 p99.9=    6.372 max=   22.977 us
RC3             t1(decision) p50= 0.078  t2(push/emit) p50=  0.182  t3(deq) p50=  0.000  t4(flush) p50=  0.000  t5(commit) p50=  0.000 us
RC3       PASS  n=10000 delivery(t2) p50=  0.129 p99=   0.189 max=   13.813 us | barrier p50=  0.000 max=    0.000 us
RC3       edits: 6000 sendInputCalls: 6000
RC3 [pop] horn-compound   path=inline          barrier=spin   commit=0ns n=10000
RC3       desc: uows -> uo-horn + acute (horn compound + mark)
RC3       EDIT  n=4000  E2E(t5) p50=  0.238 p99=   1.866 p99.9=    5.726 max=   14.842 us
RC3             t1(decision) p50= 0.099  t2(push/emit) p50=  0.238  t3(deq) p50=  0.000  t4(flush) p50=  0.000  t5(commit) p50=  0.000 us
RC3       PASS  n=6000  delivery(t2) p50=  0.080 p99=   0.124 max=   28.987 us | barrier p50=  0.000 max=    0.000 us
RC3       edits: 4000 sendInputCalls: 4000
RC3 [pop] horn-compound   path=inline          barrier=hybrid commit=0ns n=10000
RC3       desc: uows -> uo-horn + acute (horn compound + mark)
RC3       EDIT  n=4000  E2E(t5) p50=  0.238 p99=   1.997 p99.9=    5.440 max=  775.645 us
RC3             t1(decision) p50= 0.099  t2(push/emit) p50=  0.238  t3(deq) p50=  0.000  t4(flush) p50=  0.000  t5(commit) p50=  0.000 us
RC3       PASS  n=6000  delivery(t2) p50=  0.080 p99=   0.128 max=   13.649 us | barrier p50=  0.000 max=    0.000 us
RC3       edits: 4000 sendInputCalls: 4000
RC3 [pop] heavy-word      path=inline          barrier=spin   commit=0ns n=16000
RC3       desc: dduowcj -> duoc (d-bar + horn + nang: the heaviest)
RC3       EDIT  n=6000  E2E(t5) p50=  0.225 p99=   2.635 p99.9=   11.171 max=   28.346 us
RC3             t1(decision) p50= 0.086  t2(push/emit) p50=  0.225  t3(deq) p50=  0.000  t4(flush) p50=  0.000  t5(commit) p50=  0.000 us
RC3       PASS  n=10000 delivery(t2) p50=  0.092 p99=   0.330 max=   41.587 us | barrier p50=  0.000 max=    0.000 us
RC3       edits: 6000 sendInputCalls: 6000
RC3 [pop] heavy-word      path=inline          barrier=hybrid commit=0ns n=16000
RC3       desc: dduowcj -> duoc (d-bar + horn + nang: the heaviest)
RC3       EDIT  n=6000  E2E(t5) p50=  0.347 p99=   3.829 p99.9=   18.169 max=   79.430 us
RC3             t1(decision) p50= 0.162  t2(push/emit) p50=  0.347  t3(deq) p50=  0.000  t4(flush) p50=  0.000  t5(commit) p50=  0.000 us
RC3       PASS  n=10000 delivery(t2) p50=  0.141 p99=   0.498 max=   30.475 us | barrier p50=  0.000 max=    0.000 us
RC3       edits: 6000 sendInputCalls: 6000
RC3 [pop] mixed           path=inline          barrier=spin   commit=0ns n=173
RC3       desc: mixed@150wpm
RC3       EDIT  n=25    E2E(t5) p50= 12.918 p99=  15.534 p99.9=   15.534 max=   17.149 us
RC3             t1(decision) p50= 6.557  t2(push/emit) p50= 12.918  t3(deq) p50=  0.000  t4(flush) p50=  0.000  t5(commit) p50=  0.000 us
RC3       PASS  n=148   delivery(t2) p50=  5.210 p99=  10.276 max=   14.106 us | barrier p50=  0.000 max=    0.000 us
RC3       edits: 25 sendInputCalls: 25
RC3 [pop] mixed           path=inline          barrier=hybrid commit=0ns n=173
RC3       desc: mixed@150wpm
RC3       EDIT  n=25    E2E(t5) p50= 14.690 p99=  18.841 p99.9=   18.841 max=   20.296 us
RC3             t1(decision) p50= 7.359  t2(push/emit) p50= 14.690  t3(deq) p50=  0.000  t4(flush) p50=  0.000  t5(commit) p50=  0.000 us
RC3       PASS  n=148   delivery(t2) p50=  5.766 p99=  12.458 max=   34.834 us | barrier p50=  0.000 max=    0.000 us
RC3       edits: 25 sendInputCalls: 25
RC3 [pop] mixed           path=inline          barrier=spin   commit=0ns n=173
RC3       desc: mixed@250wpm
RC3       EDIT  n=25    E2E(t5) p50= 11.689 p99=  16.933 p99.9=   16.933 max=   17.145 us
RC3             t1(decision) p50= 5.823  t2(push/emit) p50= 11.689  t3(deq) p50=  0.000  t4(flush) p50=  0.000  t5(commit) p50=  0.000 us
RC3       PASS  n=148   delivery(t2) p50=  3.875 p99=   9.877 max=   10.475 us | barrier p50=  0.000 max=    0.000 us
RC3       edits: 25 sendInputCalls: 25
RC3 [pop] mixed           path=inline          barrier=hybrid commit=0ns n=173
RC3       desc: mixed@250wpm
RC3       EDIT  n=25    E2E(t5) p50= 11.092 p99=  13.835 p99.9=   13.835 max=   18.321 us
RC3             t1(decision) p50= 5.218  t2(push/emit) p50= 11.092  t3(deq) p50=  0.000  t4(flush) p50=  0.000  t5(commit) p50=  0.000 us
RC3       PASS  n=148   delivery(t2) p50=  3.890 p99=  10.171 max=   11.602 us | barrier p50=  0.000 max=    0.000 us
RC3       edits: 25 sendInputCalls: 25
RC4 [tone] KieeKey v1.2.0 Stable — tone-population latency benchmark
RC4 [tone] mixed pace(s)=150,250 reps=1 (--fast for one pace/one rep, --full for the exhaustive matrix)
RC4 [tone] composition validation: 8 populations OK
RC4 [pop] tone-append     path=inline          barrier=spin   commit=0ns n=6000
RC4       desc: as -> a-acute (1 tone key = 1 edit)
RC4       EDIT  n=2000  E2E(t5) p50=  0.168 p99=   2.298 p99.9=   10.330 max=   21.433 us
RC4             t1(decision) p50= 0.064  t2(push/emit) p50=  0.168  t3(deq) p50=  0.000  t4(flush) p50=  0.000  t5(commit) p50=  0.000 us
RC4       PASS  n=4000  delivery(t2) p50=  0.090 p99=   0.145 max=   10.089 us | barrier p50=  0.000 max=    0.000 us
RC4       edits: 2000 sendInputCalls: 2000
RC4 [pop] tone-append     path=inline          barrier=hybrid commit=0ns n=6000
RC4       desc: as -> a-acute (1 tone key = 1 edit)
RC4       EDIT  n=2000  E2E(t5) p50=  0.169 p99=   2.235 p99.9=    7.057 max=   29.660 us
RC4             t1(decision) p50= 0.064  t2(push/emit) p50=  0.169  t3(deq) p50=  0.000  t4(flush) p50=  0.000  t5(commit) p50=  0.000 us
RC4       PASS  n=4000  delivery(t2) p50=  0.091 p99=   0.146 max=    3.253 us | barrier p50=  0.000 max=    0.000 us
RC4       edits: 2000 sendInputCalls: 2000
RC4 [pop] dbar            path=inline          barrier=spin   commit=0ns n=6000
RC4       desc: dd -> d-stroke (d-bar edit)
RC4       EDIT  n=2000  E2E(t5) p50=  0.161 p99=   1.758 p99.9=   11.757 max=   41.574 us
RC4             t1(decision) p50= 0.057  t2(push/emit) p50=  0.161  t3(deq) p50=  0.000  t4(flush) p50=  0.000  t5(commit) p50=  0.000 us
RC4       PASS  n=4000  delivery(t2) p50=  0.091 p99=   0.122 max=    0.899 us | barrier p50=  0.000 max=    0.000 us
RC4       edits: 2000 sendInputCalls: 2000
RC4 [pop] dbar            path=inline          barrier=hybrid commit=0ns n=6000
RC4       desc: dd -> d-stroke (d-bar edit)
RC4       EDIT  n=2000  E2E(t5) p50=  0.162 p99=   1.930 p99.9=    6.703 max=   18.638 us
RC4             t1(decision) p50= 0.057  t2(push/emit) p50=  0.162  t3(deq) p50=  0.000  t4(flush) p50=  0.000  t5(commit) p50=  0.000 us
RC4       PASS  n=4000  delivery(t2) p50=  0.090 p99=   0.106 max=    0.660 us | barrier p50=  0.000 max=    0.000 us
RC4       edits: 2000 sendInputCalls: 2000
RC4 [pop] reposition      path=inline          barrier=spin   commit=0ns n=8000
RC4       desc: asa -> a-circumflex-acute (sac reposition)
RC4       EDIT  n=4000  E2E(t5) p50=  0.171 p99=   1.581 p99.9=    5.163 max=  103.228 us
RC4             t1(decision) p50= 0.067  t2(push/emit) p50=  0.171  t3(deq) p50=  0.000  t4(flush) p50=  0.000  t5(commit) p50=  0.000 us
RC4       PASS  n=4000  delivery(t2) p50=  0.095 p99=   0.131 max=   10.575 us | barrier p50=  0.000 max=    0.000 us
RC4       edits: 4000 sendInputCalls: 4000
RC4 [pop] reposition      path=inline          barrier=hybrid commit=0ns n=8000
RC4       desc: asa -> a-circumflex-acute (sac reposition)
RC4       EDIT  n=4000  E2E(t5) p50=  0.170 p99=   1.590 p99.9=    5.002 max=   17.714 us
RC4             t1(decision) p50= 0.066  t2(push/emit) p50=  0.170  t3(deq) p50=  0.000  t4(flush) p50=  0.000  t5(commit) p50=  0.000 us
RC4       PASS  n=4000  delivery(t2) p50=  0.094 p99=   0.113 max=    6.203 us | barrier p50=  0.000 max=    0.000 us
RC4       edits: 4000 sendInputCalls: 4000
RC4 [pop] restore-reissue path=inline          barrier=spin   commit=0ns n=10000
RC4       desc: asas -> Restore chain: 2 edits + Restore-reissue + space-Restore-reissue
RC4       EDIT  n=8000  E2E(t5) p50=  0.173 p99=   1.805 p99.9=    5.749 max=  211.881 us
RC4             t1(decision) p50= 0.069  t2(push/emit) p50=  0.173  t3(deq) p50=  0.000  t4(flush) p50=  0.000  t5(commit) p50=  0.000 us
RC4       PASS  n=2000  delivery(t2) p50=  0.080 p99=   0.115 max=    8.292 us | barrier p50=  0.000 max=    0.000 us
RC4       edits: 8000 sendInputCalls: 8000
RC4 [pop] restore-reissue path=inline          barrier=hybrid commit=0ns n=10000
RC4       desc: asas -> Restore chain: 2 edits + Restore-reissue + space-Restore-reissue
RC4       EDIT  n=8000  E2E(t5) p50=  0.173 p99=   1.895 p99.9=    8.872 max=   14.875 us
RC4             t1(decision) p50= 0.069  t2(push/emit) p50=  0.173  t3(deq) p50=  0.000  t4(flush) p50=  0.000  t5(commit) p50=  0.000 us
RC4       PASS  n=2000  delivery(t2) p50=  0.080 p99=   0.115 max=    8.427 us | barrier p50=  0.000 max=    0.000 us
RC4       edits: 8000 sendInputCalls: 8000
RC4 [pop] double-tone     path=inline          barrier=spin   commit=0ns n=12000
RC4       desc: oasas -> double-tone family + Restore chain
RC4       EDIT  n=8000  E2E(t5) p50=  0.261 p99=   2.483 p99.9=    8.679 max=  400.218 us
RC4             t1(decision) p50= 0.122  t2(push/emit) p50=  0.261  t3(deq) p50=  0.000  t4(flush) p50=  0.000  t5(commit) p50=  0.000 us
RC4       PASS  n=4000  delivery(t2) p50=  0.079 p99=   0.133 max=    5.735 us | barrier p50=  0.000 max=    0.000 us
RC4       edits: 8000 sendInputCalls: 8000
RC4 [pop] double-tone     path=inline          barrier=hybrid commit=0ns n=12000
RC4       desc: oasas -> double-tone family + Restore chain
RC4       EDIT  n=8000  E2E(t5) p50=  0.260 p99=   2.515 p99.9=    7.207 max=   19.852 us
RC4             t1(decision) p50= 0.122  t2(push/emit) p50=  0.260  t3(deq) p50=  0.000  t4(flush) p50=  0.000  t5(commit) p50=  0.000 us
RC4       PASS  n=4000  delivery(t2) p50=  0.079 p99=   0.113 max=    2.699 us | barrier p50=  0.000 max=    0.000 us
RC4       edits: 8000 sendInputCalls: 8000
RC4 [pop] mid-word        path=inline          barrier=spin   commit=0ns n=16000
RC4       desc: ddawjng -> dang-nang (d-bar + breve + nang; trailing ng re-typed)
RC4       EDIT  n=6000  E2E(t5) p50=  0.182 p99=   1.527 p99.9=    4.945 max=   14.493 us
RC4             t1(decision) p50= 0.078  t2(push/emit) p50=  0.182  t3(deq) p50=  0.000  t4(flush) p50=  0.000  t5(commit) p50=  0.000 us
RC4       PASS  n=10000 delivery(t2) p50=  0.129 p99=   0.223 max=   10.671 us | barrier p50=  0.000 max=    0.000 us
RC4       edits: 6000 sendInputCalls: 6000
RC4 [pop] mid-word        path=inline          barrier=hybrid commit=0ns n=16000
RC4       desc: ddawjng -> dang-nang (d-bar + breve + nang; trailing ng re-typed)
RC4       EDIT  n=6000  E2E(t5) p50=  0.182 p99=   1.444 p99.9=    3.904 max=    9.897 us
RC4             t1(decision) p50= 0.078  t2(push/emit) p50=  0.182  t3(deq) p50=  0.000  t4(flush) p50=  0.000  t5(commit) p50=  0.000 us
RC4       PASS  n=10000 delivery(t2) p50=  0.128 p99=   0.195 max=   20.817 us | barrier p50=  0.000 max=    0.000 us
RC4       edits: 6000 sendInputCalls: 6000
RC4 [pop] horn-compound   path=inline          barrier=spin   commit=0ns n=10000
RC4       desc: uows -> uo-horn + acute (horn compound + mark)
RC4       EDIT  n=4000  E2E(t5) p50=  0.238 p99=   1.693 p99.9=    4.886 max=    6.549 us
RC4             t1(decision) p50= 0.100  t2(push/emit) p50=  0.238  t3(deq) p50=  0.000  t4(flush) p50=  0.000  t5(commit) p50=  0.000 us
RC4       PASS  n=6000  delivery(t2) p50=  0.080 p99=   0.164 max=   16.162 us | barrier p50=  0.000 max=    0.000 us
RC4       edits: 4000 sendInputCalls: 4000
RC4 [pop] horn-compound   path=inline          barrier=hybrid commit=0ns n=10000
RC4       desc: uows -> uo-horn + acute (horn compound + mark)
RC4       EDIT  n=4000  E2E(t5) p50=  0.238 p99=   2.082 p99.9=    5.560 max=  665.037 us
RC4             t1(decision) p50= 0.099  t2(push/emit) p50=  0.238  t3(deq) p50=  0.000  t4(flush) p50=  0.000  t5(commit) p50=  0.000 us
RC4       PASS  n=6000  delivery(t2) p50=  0.080 p99=   0.140 max=    5.195 us | barrier p50=  0.000 max=    0.000 us
RC4       edits: 4000 sendInputCalls: 4000
RC4 [pop] heavy-word      path=inline          barrier=spin   commit=0ns n=16000
RC4       desc: dduowcj -> duoc (d-bar + horn + nang: the heaviest)
RC4       EDIT  n=6000  E2E(t5) p50=  0.224 p99=   2.483 p99.9=    6.256 max=   12.919 us
RC4             t1(decision) p50= 0.085  t2(push/emit) p50=  0.224  t3(deq) p50=  0.000  t4(flush) p50=  0.000  t5(commit) p50=  0.000 us
RC4       PASS  n=10000 delivery(t2) p50=  0.092 p99=   0.239 max=    3.328 us | barrier p50=  0.000 max=    0.000 us
RC4       edits: 6000 sendInputCalls: 6000
RC4 [pop] heavy-word      path=inline          barrier=hybrid commit=0ns n=16000
RC4       desc: dduowcj -> duoc (d-bar + horn + nang: the heaviest)
RC4       EDIT  n=6000  E2E(t5) p50=  0.224 p99=   2.278 p99.9=    5.405 max=   10.747 us
RC4             t1(decision) p50= 0.085  t2(push/emit) p50=  0.224  t3(deq) p50=  0.000  t4(flush) p50=  0.000  t5(commit) p50=  0.000 us
RC4       PASS  n=10000 delivery(t2) p50=  0.092 p99=   0.222 max=    8.707 us | barrier p50=  0.000 max=    0.000 us
RC4       edits: 6000 sendInputCalls: 6000
RC4 [pop] mixed           path=inline          barrier=spin   commit=0ns n=173
RC4       desc: mixed@150wpm
RC4       EDIT  n=25    E2E(t5) p50= 12.730 p99=  17.228 p99.9=   17.228 max=   20.020 us
RC4             t1(decision) p50= 6.292  t2(push/emit) p50= 12.730  t3(deq) p50=  0.000  t4(flush) p50=  0.000  t5(commit) p50=  0.000 us
RC4       PASS  n=148   delivery(t2) p50=  5.033 p99=  15.037 max= 2038.493 us | barrier p50=  0.000 max=    0.000 us
RC4       edits: 25 sendInputCalls: 25
RC4 [pop] mixed           path=inline          barrier=hybrid commit=0ns n=173
RC4       desc: mixed@150wpm
RC4       EDIT  n=25    E2E(t5) p50= 13.463 p99= 842.686 p99.9=  842.686 max= 2554.797 us
RC4             t1(decision) p50= 6.846  t2(push/emit) p50= 13.463  t3(deq) p50=  0.000  t4(flush) p50=  0.000  t5(commit) p50=  0.000 us
RC4       PASS  n=148   delivery(t2) p50=  5.133 p99=  14.537 max= 1955.674 us | barrier p50=  0.000 max=    0.000 us
RC4       edits: 25 sendInputCalls: 25
RC4 [pop] mixed           path=inline          barrier=spin   commit=0ns n=173
RC4       desc: mixed@250wpm
RC4       EDIT  n=25    E2E(t5) p50= 13.949 p99=  20.070 p99.9=   20.070 max=  955.621 us
RC4             t1(decision) p50= 5.887  t2(push/emit) p50= 13.949  t3(deq) p50=  0.000  t4(flush) p50=  0.000  t5(commit) p50=  0.000 us
RC4       PASS  n=148   delivery(t2) p50=  4.152 p99=1742.880 max= 2541.744 us | barrier p50=  0.000 max=    0.000 us
RC4       edits: 25 sendInputCalls: 25
RC4 [pop] mixed           path=inline          barrier=hybrid commit=0ns n=173
RC4       desc: mixed@250wpm
RC4       EDIT  n=25    E2E(t5) p50= 13.275 p99=  17.140 p99.9=   17.140 max=   17.488 us
RC4             t1(decision) p50= 5.511  t2(push/emit) p50= 13.275  t3(deq) p50=  0.000  t4(flush) p50=  0.000  t5(commit) p50=  0.000 us
RC4       PASS  n=148   delivery(t2) p50=  4.110 p99=   9.664 max=   11.427 us | barrier p50=  0.000 max=    0.000 us
RC4       edits: 25 sendInputCalls: 25
=== throughput floor A/B ===
--- run 1
RC3 keys=20000000 mode=1 total=1323.4 ms  66.17 ns/key (median of 3)  sink=2905520108639366859
RC3   run0: 65.99 ns/key
RC3   run1: 66.17 ns/key
RC3   run2: 66.24 ns/key
RC4 keys=20000000 mode=1 total=1312.2 ms  65.61 ns/key (median of 3)  sink=2905520108639366859
RC4   run0: 65.31 ns/key
RC4   run1: 65.61 ns/key
RC4   run2: 68.64 ns/key
--- run 2
RC3 keys=20000000 mode=1 total=1317.2 ms  65.86 ns/key (median of 3)  sink=2905520108639366859
RC3   run0: 65.45 ns/key
RC3   run1: 65.86 ns/key
RC3   run2: 68.18 ns/key
RC4 keys=20000000 mode=1 total=1302.8 ms  65.14 ns/key (median of 3)  sink=2905520108639366859
RC4   run0: 64.84 ns/key
RC4   run1: 65.14 ns/key
RC4   run2: 65.19 ns/key
--- run 3
RC3 keys=20000000 mode=1 total=1307.2 ms  65.36 ns/key (median of 3)  sink=2905520108639366859
RC3   run0: 65.17 ns/key
RC3   run1: 65.36 ns/key
RC3   run2: 65.38 ns/key
RC4 keys=20000000 mode=1 total=1312.4 ms  65.62 ns/key (median of 3)  sink=2905520108639366859
RC4   run0: 65.50 ns/key
RC4   run1: 65.62 ns/key
RC4   run2: 65.86 ns/key
=== real-world typing A/B ===
--- run 1
RC3 KieeKey v1.2.1 Stable — Real-World Typing Benchmark
RC3   keys=50000  runs=1  paced=no  workload=all
RC3 
RC3 === burst_200wpm ===
RC3   Keys processed:   50000
RC3   Wall time:        4.1 ms (12305290 keys/s)
RC3   Engine decision latency (ns):
RC3     mean=56  p50=53  p90=69  p95=72  p99=83  p99.9=99  max=7086
RC3   CPU cost per key: 56 ns
RC3   CPU per 1000 keys: 56.0 us (0.056 ms)
RC3 
RC3 === normal_60wpm ===
RC3   Keys processed:   50000
RC3   Wall time:        4.1 ms (12323858 keys/s)
RC3   Engine decision latency (ns):
RC3     mean=56  p50=53  p90=68  p95=71  p99=82  p99.9=98  max=7081
RC3   CPU cost per key: 56 ns
RC3   CPU per 1000 keys: 56.2 us (0.056 ms)
RC3 
RC3 === slow_30wpm ===
RC3   Keys processed:   50000
RC3   Wall time:        4.1 ms (12269409 keys/s)
RC3   Engine decision latency (ns):
RC3     mean=56  p50=53  p90=68  p95=71  p99=82  p99.9=100  max=6791
RC3   CPU cost per key: 56 ns
RC3   CPU per 1000 keys: 56.0 us (0.056 ms)
RC3 
RC3 === burst_pause ===
RC3   Keys processed:   50000
RC3   Wall time:        4.1 ms (12325863 keys/s)
RC3   Engine decision latency (ns):
RC3     mean=56  p50=53  p90=68  p95=71  p99=80  p99.9=93  max=7332
RC3   CPU cost per key: 56 ns
RC3   CPU per 1000 keys: 55.9 us (0.056 ms)
RC3 
RC3 === single_keys ===
RC3   Keys processed:   50000
RC3   Wall time:        3.5 ms (14212257 keys/s)
RC3   Engine decision latency (ns):
RC3     mean=45  p50=44  p90=49  p95=55  p99=67  p99.9=83  max=5015
RC3   CPU cost per key: 45 ns
RC3   CPU per 1000 keys: 45.0 us (0.045 ms)
RC3 
RC3 === mixed ===
RC3   Keys processed:   50000
RC3   Wall time:        4.4 ms (11379288 keys/s)
RC3   Engine decision latency (ns):
RC3     mean=62  p50=58  p90=78  p95=102  p99=157  p99.9=269  max=4344
RC3   CPU cost per key: 62 ns
RC3   CPU per 1000 keys: 62.4 us (0.062 ms)
RC3 
RC3 [done] Real-world typing benchmark complete.
RC4 KieeKey v1.2.1 Stable — Real-World Typing Benchmark
RC4   keys=50000  runs=1  paced=no  workload=all
RC4 
RC4 === burst_200wpm ===
RC4   Keys processed:   50000
RC4   Wall time:        6.9 ms (7204349 keys/s)
RC4   Engine decision latency (ns):
RC4     mean=99  p50=86  p90=115  p95=128  p99=184  p99.9=3333  max=42517
RC4   CPU cost per key: 99 ns
RC4   CPU per 1000 keys: 99.3 us (0.099 ms)
RC4 
RC4 === normal_60wpm ===
RC4   Keys processed:   50000
RC4   Wall time:        4.1 ms (12300226 keys/s)
RC4   Engine decision latency (ns):
RC4     mean=56  p50=53  p90=68  p95=71  p99=80  p99.9=92  max=5552
RC4   CPU cost per key: 56 ns
RC4   CPU per 1000 keys: 55.8 us (0.056 ms)
RC4 
RC4 === slow_30wpm ===
RC4   Keys processed:   50000
RC4   Wall time:        4.1 ms (12051010 keys/s)
RC4   Engine decision latency (ns):
RC4     mean=57  p50=54  p90=69  p95=73  p99=91  p99.9=127  max=16113
RC4   CPU cost per key: 57 ns
RC4   CPU per 1000 keys: 57.3 us (0.057 ms)
RC4 
RC4 === burst_pause ===
RC4   Keys processed:   50000
RC4   Wall time:        4.0 ms (12381966 keys/s)
RC4   Engine decision latency (ns):
RC4     mean=56  p50=53  p90=68  p95=71  p99=82  p99.9=97  max=8044
RC4   CPU cost per key: 56 ns
RC4   CPU per 1000 keys: 55.9 us (0.056 ms)
RC4 
RC4 === single_keys ===
RC4   Keys processed:   50000
RC4   Wall time:        6.2 ms (8103602 keys/s)
RC4   Engine decision latency (ns):
RC4     mean=85  p50=74  p90=102  p95=114  p99=160  p99.9=3137  max=17999
RC4   CPU cost per key: 85 ns
RC4   CPU per 1000 keys: 85.1 us (0.085 ms)
RC4 
RC4 === mixed ===
RC4   Keys processed:   50000
RC4   Wall time:        7.2 ms (6948010 keys/s)
RC4   Engine decision latency (ns):
RC4     mean=106  p50=88  p90=128  p95=163  p99=271  p99.9=3309  max=18768
RC4   CPU cost per key: 106 ns
RC4   CPU per 1000 keys: 106.2 us (0.106 ms)
RC4 
RC4 [done] Real-world typing benchmark complete.
--- run 2
RC3 KieeKey v1.2.1 Stable — Real-World Typing Benchmark
RC3   keys=50000  runs=1  paced=no  workload=all
RC3 
RC3 === burst_200wpm ===
RC3   Keys processed:   50000
RC3   Wall time:        4.2 ms (11935427 keys/s)
RC3   Engine decision latency (ns):
RC3     mean=58  p50=54  p90=70  p95=74  p99=90  p99.9=156  max=8593
RC3   CPU cost per key: 58 ns
RC3   CPU per 1000 keys: 57.9 us (0.058 ms)
RC3 
RC3 === normal_60wpm ===
RC3   Keys processed:   50000
RC3   Wall time:        4.1 ms (12276238 keys/s)
RC3   Engine decision latency (ns):
RC3     mean=56  p50=53  p90=68  p95=71  p99=82  p99.9=97  max=10999
RC3   CPU cost per key: 56 ns
RC3   CPU per 1000 keys: 56.2 us (0.056 ms)
RC3 
RC3 === slow_30wpm ===
RC3   Keys processed:   50000
RC3   Wall time:        4.1 ms (12336879 keys/s)
RC3   Engine decision latency (ns):
RC3     mean=56  p50=53  p90=68  p95=71  p99=80  p99.9=93  max=8242
RC3   CPU cost per key: 56 ns
RC3   CPU per 1000 keys: 55.8 us (0.056 ms)
RC3 
RC3 === burst_pause ===
RC3   Keys processed:   50000
RC3   Wall time:        4.0 ms (12402212 keys/s)
RC3   Engine decision latency (ns):
RC3     mean=56  p50=53  p90=68  p95=71  p99=82  p99.9=95  max=7780
RC3   CPU cost per key: 56 ns
RC3   CPU per 1000 keys: 55.6 us (0.056 ms)
RC3 
RC3 === single_keys ===
RC3   Keys processed:   50000
RC3   Wall time:        3.5 ms (14137857 keys/s)
RC3   Engine decision latency (ns):
RC3     mean=45  p50=44  p90=50  p95=56  p99=69  p99.9=86  max=5613
RC3   CPU cost per key: 45 ns
RC3   CPU per 1000 keys: 45.3 us (0.045 ms)
RC3 
RC3 === mixed ===
RC3   Keys processed:   50000
RC3   Wall time:        4.4 ms (11299175 keys/s)
RC3   Engine decision latency (ns):
RC3     mean=62  p50=57  p90=78  p95=100  p99=159  p99.9=280  max=9599
RC3   CPU cost per key: 62 ns
RC3   CPU per 1000 keys: 62.3 us (0.062 ms)
RC3 
RC3 [done] Real-world typing benchmark complete.
RC4 KieeKey v1.2.1 Stable — Real-World Typing Benchmark
RC4   keys=50000  runs=1  paced=no  workload=all
RC4 
RC4 === burst_200wpm ===
RC4   Keys processed:   50000
RC4   Wall time:        5.0 ms (9933116 keys/s)
RC4   Engine decision latency (ns):
RC4     mean=70  p50=61  p90=95  p95=108  p99=138  p99.9=648  max=22376
RC4   CPU cost per key: 70 ns
RC4   CPU per 1000 keys: 70.3 us (0.070 ms)
RC4 
RC4 === normal_60wpm ===
RC4   Keys processed:   50000
RC4   Wall time:        4.1 ms (12160959 keys/s)
RC4   Engine decision latency (ns):
RC4     mean=56  p50=53  p90=68  p95=71  p99=82  p99.9=108  max=11234
RC4   CPU cost per key: 56 ns
RC4   CPU per 1000 keys: 56.3 us (0.056 ms)
RC4 
RC4 === slow_30wpm ===
RC4   Keys processed:   50000
RC4   Wall time:        4.1 ms (12204299 keys/s)
RC4   Engine decision latency (ns):
RC4     mean=57  p50=53  p90=69  p95=72  p99=85  p99.9=111  max=7325
RC4   CPU cost per key: 57 ns
RC4   CPU per 1000 keys: 56.5 us (0.057 ms)
RC4 
RC4 === burst_pause ===
RC4   Keys processed:   50000
RC4   Wall time:        4.1 ms (12327200 keys/s)
RC4   Engine decision latency (ns):
RC4     mean=56  p50=53  p90=68  p95=71  p99=84  p99.9=107  max=7666
RC4   CPU cost per key: 56 ns
RC4   CPU per 1000 keys: 56.3 us (0.056 ms)
RC4 
RC4 === single_keys ===
RC4   Keys processed:   50000
RC4   Wall time:        3.5 ms (14110498 keys/s)
RC4   Engine decision latency (ns):
RC4     mean=46  p50=44  p90=49  p95=57  p99=70  p99.9=85  max=7173
RC4   CPU cost per key: 46 ns
RC4   CPU per 1000 keys: 45.6 us (0.046 ms)
RC4 
RC4 === mixed ===
RC4   Keys processed:   50000
RC4   Wall time:        4.4 ms (11387950 keys/s)
RC4   Engine decision latency (ns):
RC4     mean=62  p50=57  p90=78  p95=101  p99=158  p99.9=278  max=9243
RC4   CPU cost per key: 62 ns
RC4   CPU per 1000 keys: 62.3 us (0.062 ms)
RC4 
RC4 [done] Real-world typing benchmark complete.
--- run 3
RC3 KieeKey v1.2.1 Stable — Real-World Typing Benchmark
RC3   keys=50000  runs=1  paced=no  workload=all
RC3 
RC3 === burst_200wpm ===
RC3   Keys processed:   50000
RC3   Wall time:        4.1 ms (12219878 keys/s)
RC3   Engine decision latency (ns):
RC3     mean=56  p50=53  p90=68  p95=72  p99=85  p99.9=113  max=8606
RC3   CPU cost per key: 56 ns
RC3   CPU per 1000 keys: 56.5 us (0.056 ms)
RC3 
RC3 === normal_60wpm ===
RC3   Keys processed:   50000
RC3   Wall time:        4.1 ms (12300444 keys/s)
RC3   Engine decision latency (ns):
RC3     mean=56  p50=53  p90=68  p95=71  p99=81  p99.9=102  max=7730
RC3   CPU cost per key: 56 ns
RC3   CPU per 1000 keys: 56.1 us (0.056 ms)
RC3 
RC3 === slow_30wpm ===
RC3   Keys processed:   50000
RC3   Wall time:        4.1 ms (12319431 keys/s)
RC3   Engine decision latency (ns):
RC3     mean=56  p50=53  p90=68  p95=71  p99=81  p99.9=96  max=7560
RC3   CPU cost per key: 56 ns
RC3   CPU per 1000 keys: 55.8 us (0.056 ms)
RC3 
RC3 === burst_pause ===
RC3   Keys processed:   50000
RC3   Wall time:        4.1 ms (12261207 keys/s)
RC3   Engine decision latency (ns):
RC3     mean=56  p50=54  p90=68  p95=72  p99=84  p99.9=104  max=5327
RC3   CPU cost per key: 56 ns
RC3   CPU per 1000 keys: 56.1 us (0.056 ms)
RC3 
RC3 === single_keys ===
RC3   Keys processed:   50000
RC3   Wall time:        3.5 ms (14198963 keys/s)
RC3   Engine decision latency (ns):
RC3     mean=45  p50=44  p90=49  p95=56  p99=68  p99.9=75  max=5302
RC3   CPU cost per key: 45 ns
RC3   CPU per 1000 keys: 45.3 us (0.045 ms)
RC3 
RC3 === mixed ===
RC3   Keys processed:   50000
RC3   Wall time:        4.4 ms (11261989 keys/s)
RC3   Engine decision latency (ns):
RC3     mean=63  p50=58  p90=79  p95=102  p99=160  p99.9=285  max=5343
RC3   CPU cost per key: 63 ns
RC3   CPU per 1000 keys: 62.9 us (0.063 ms)
RC3 
RC3 [done] Real-world typing benchmark complete.
RC4 KieeKey v1.2.1 Stable — Real-World Typing Benchmark
RC4   keys=50000  runs=1  paced=no  workload=all
RC4 
RC4 === burst_200wpm ===
RC4   Keys processed:   50000
RC4   Wall time:        4.2 ms (12046663 keys/s)
RC4   Engine decision latency (ns):
RC4     mean=56  p50=53  p90=68  p95=71  p99=81  p99.9=100  max=9816
RC4   CPU cost per key: 56 ns
RC4   CPU per 1000 keys: 56.5 us (0.056 ms)
RC4 
RC4 === normal_60wpm ===
RC4   Keys processed:   50000
RC4   Wall time:        4.4 ms (11454659 keys/s)
RC4   Engine decision latency (ns):
RC4     mean=56  p50=53  p90=69  p95=72  p99=85  p99.9=108  max=8767
RC4   CPU cost per key: 56 ns
RC4   CPU per 1000 keys: 56.4 us (0.056 ms)
RC4 
RC4 === slow_30wpm ===
RC4   Keys processed:   50000
RC4   Wall time:        4.1 ms (12285085 keys/s)
RC4   Engine decision latency (ns):
RC4     mean=56  p50=53  p90=68  p95=71  p99=80  p99.9=98  max=5017
RC4   CPU cost per key: 56 ns
RC4   CPU per 1000 keys: 55.7 us (0.056 ms)
RC4 
RC4 === burst_pause ===
RC4   Keys processed:   50000
RC4   Wall time:        4.1 ms (12260091 keys/s)
RC4   Engine decision latency (ns):
RC4     mean=56  p50=53  p90=69  p95=72  p99=84  p99.9=109  max=7050
RC4   CPU cost per key: 56 ns
RC4   CPU per 1000 keys: 56.5 us (0.056 ms)
RC4 
RC4 === single_keys ===
RC4   Keys processed:   50000
RC4   Wall time:        3.6 ms (14029291 keys/s)
RC4   Engine decision latency (ns):
RC4     mean=45  p50=44  p90=49  p95=55  p99=68  p99.9=74  max=7540
RC4   CPU cost per key: 45 ns
RC4   CPU per 1000 keys: 45.4 us (0.045 ms)
RC4 
RC4 === mixed ===
RC4   Keys processed:   50000
RC4   Wall time:        4.4 ms (11419433 keys/s)
RC4   Engine decision latency (ns):
RC4     mean=62  p50=57  p90=78  p95=100  p99=157  p99.9=281  max=6829
RC4   CPU cost per key: 62 ns
RC4   CPU per 1000 keys: 62.2 us (0.062 ms)
RC4 
RC4 [done] Real-world typing benchmark complete.
CAMPAIGN DONE
